Archive member included to satisfy reference by file (symbol)

lib/threadx/libthreadx.a(tx_thread_schedule.S.obj)
                              app/CMakeFiles/mxchip_azure_iot.dir/startup/startup_stm32f412rx.s.obj (__tx_PendSVHandler)
lib/threadx/libthreadx.a(tx_timer_interrupt.S.obj)
                              app/CMakeFiles/mxchip_azure_iot.dir/startup/tx_initialize_low_level.S.obj (_tx_timer_interrupt)
lib/threadx/libthreadx.a(tx_initialize_high_level.c.obj)
                              app/CMakeFiles/mxchip_azure_iot.dir/startup/tx_initialize_low_level.S.obj (_tx_initialize_unused_memory)
lib/threadx/libthreadx.a(tx_thread_initialize.c.obj)
                              app/CMakeFiles/mxchip_azure_iot.dir/startup/tx_initialize_low_level.S.obj (_tx_thread_system_stack_ptr)
lib/threadx/libthreadx.a(tx_thread_sleep.c.obj)
                              app/CMakeFiles/mxchip_azure_iot.dir/main.c.obj (_tx_thread_sleep)
lib/threadx/libthreadx.a(tx_thread_system_suspend.c.obj)
                              lib/threadx/libthreadx.a(tx_thread_sleep.c.obj) (_tx_thread_system_suspend)
lib/threadx/libthreadx.a(tx_thread_time_slice.c.obj)
                              lib/threadx/libthreadx.a(tx_timer_interrupt.S.obj) (_tx_thread_time_slice)
lib/threadx/libthreadx.a(tx_timer_expiration_process.c.obj)
                              lib/threadx/libthreadx.a(tx_timer_interrupt.S.obj) (_tx_timer_expiration_process)
lib/threadx/libthreadx.a(tx_timer_initialize.c.obj)
                              lib/threadx/libthreadx.a(tx_timer_interrupt.S.obj) (_tx_timer_system_clock)
lib/threadx/libthreadx.a(tx_timer_system_activate.c.obj)
                              lib/threadx/libthreadx.a(tx_thread_system_suspend.c.obj) (_tx_timer_system_activate)
lib/threadx/libthreadx.a(tx_timer_thread_entry.c.obj)
                              lib/threadx/libthreadx.a(tx_timer_initialize.c.obj) (_tx_timer_thread_entry)
lib/threadx/libthreadx.a(tx_thread_create.c.obj)
                              lib/threadx/libthreadx.a(tx_timer_initialize.c.obj) (_tx_thread_create)
lib/threadx/libthreadx.a(tx_thread_shell_entry.c.obj)
                              lib/threadx/libthreadx.a(tx_thread_create.c.obj) (_tx_thread_shell_entry)
lib/threadx/libthreadx.a(tx_thread_system_preempt_check.c.obj)
                              lib/threadx/libthreadx.a(tx_thread_create.c.obj) (_tx_thread_system_preempt_check)
lib/threadx/libthreadx.a(tx_thread_system_resume.c.obj)
                              lib/threadx/libthreadx.a(tx_timer_expiration_process.c.obj) (_tx_thread_system_resume)
lib/threadx/libthreadx.a(tx_thread_timeout.c.obj)
                              lib/threadx/libthreadx.a(tx_thread_create.c.obj) (_tx_thread_timeout)
lib/threadx/libthreadx.a(tx_timer_system_deactivate.c.obj)
                              lib/threadx/libthreadx.a(tx_thread_system_resume.c.obj) (_tx_timer_system_deactivate)
lib/threadx/libthreadx.a(tx_thread_stack_build.S.obj)
                              lib/threadx/libthreadx.a(tx_thread_create.c.obj) (_tx_thread_stack_build)
C:/Program Files (x86)/Arm/GNU Toolchain mingw-w64-i686-arm-none-eabi/bin/../lib/gcc/arm-none-eabi/15.2.1/thumb/v7e-m+fp/hard\libgcc.a(_arm_muldf3.o)
                              lib/mxchip_bsp/CMakeFiles/mxchip_bsp.dir/ssd1306/ssd1306.c.obj (__aeabi_dmul)
C:/Program Files (x86)/Arm/GNU Toolchain mingw-w64-i686-arm-none-eabi/bin/../lib/gcc/arm-none-eabi/15.2.1/thumb/v7e-m+fp/hard\libgcc.a(_arm_addsubdf3.o)
                              lib/mxchip_bsp/CMakeFiles/mxchip_bsp.dir/ssd1306/ssd1306.c.obj (__aeabi_i2d)
C:/Program Files (x86)/Arm/GNU Toolchain mingw-w64-i686-arm-none-eabi/bin/../lib/gcc/arm-none-eabi/15.2.1/thumb/v7e-m+fp/hard\libgcc.a(_arm_fixdfsi.o)
                              lib/mxchip_bsp/CMakeFiles/mxchip_bsp.dir/ssd1306/ssd1306.c.obj (__aeabi_d2iz)
C:/Program Files (x86)/Arm/GNU Toolchain mingw-w64-i686-arm-none-eabi/bin/../lib/gcc/arm-none-eabi/15.2.1/thumb/v7e-m+fp/hard\libgcc.a(_aeabi_uldivmod.o)
                              lib/stm32cubef4/CMakeFiles/stm32cubef4.dir/Drivers/STM32F4xx_HAL_Driver/Src/stm32f4xx_hal_uart.c.obj (__aeabi_uldivmod)
C:/Program Files (x86)/Arm/GNU Toolchain mingw-w64-i686-arm-none-eabi/bin/../lib/gcc/arm-none-eabi/15.2.1/thumb/v7e-m+fp/hard\libgcc.a(_udivmoddi4.o)
                              C:/Program Files (x86)/Arm/GNU Toolchain mingw-w64-i686-arm-none-eabi/bin/../lib/gcc/arm-none-eabi/15.2.1/thumb/v7e-m+fp/hard\libgcc.a(_aeabi_uldivmod.o) (__udivmoddi4)
C:/Program Files (x86)/Arm/GNU Toolchain mingw-w64-i686-arm-none-eabi/bin/../lib/gcc/arm-none-eabi/15.2.1/thumb/v7e-m+fp/hard\libgcc.a(_dvmd_tls.o)
                              C:/Program Files (x86)/Arm/GNU Toolchain mingw-w64-i686-arm-none-eabi/bin/../lib/gcc/arm-none-eabi/15.2.1/thumb/v7e-m+fp/hard\libgcc.a(_aeabi_uldivmod.o) (__aeabi_ldiv0)
[...]
Memory Configuration

Name             Origin             Length             Attributes
RAM              0x20000000         0x00020000         xrw
FLASH            0x08000000         0x00100000         xr
CCMRAM           0x10000000         0x00010000         rw
*default*        0x00000000         0xffffffff

Linker script and memory map

LOAD C:/Program Files (x86)/Arm/GNU Toolchain mingw-w64-i686-arm-none-eabi/bin/../lib/gcc/arm-none-eabi/15.2.1/thumb/v7e-m+fp/hard/crti.o
LOAD C:/Program Files (x86)/Arm/GNU Toolchain mingw-w64-i686-arm-none-eabi/bin/../lib/gcc/arm-none-eabi/15.2.1/thumb/v7e-m+fp/hard/crtbegin.o
LOAD C:/Program Files (x86)/Arm/GNU Toolchain mingw-w64-i686-arm-none-eabi/bin/../lib/gcc/arm-none-eabi/15.2.1/../../../../arm-none-eabi/lib/thumb/v7e-m+fp/hard/crt0.o
LOAD lib/stm32cubef4/CMakeFiles/stm32cubef4.dir/Drivers/STM32F4xx_HAL_Driver/Src/stm32f4xx_hal.c.obj
LOAD lib/stm32cubef4/CMakeFiles/stm32cubef4.dir/Drivers/STM32F4xx_HAL_Driver/Src/stm32f4xx_hal_dma.c.obj
LOAD lib/stm32cubef4/CMakeFiles/stm32cubef4.dir/Drivers/STM32F4xx_HAL_Driver/Src/stm32f4xx_hal_dma_ex.c.obj
LOAD lib/stm32cubef4/CMakeFiles/stm32cubef4.dir/Drivers/STM32F4xx_HAL_Driver/Src/stm32f4xx_hal_flash.c.obj
LOAD lib/stm32cubef4/CMakeFiles/stm32cubef4.dir/Drivers/STM32F4xx_HAL_Driver/Src/stm32f4xx_hal_flash_ex.c.obj
LOAD lib/stm32cubef4/CMakeFiles/stm32cubef4.dir/Drivers/STM32F4xx_HAL_Driver/Src/stm32f4xx_hal_gpio.c.obj
LOAD lib/stm32cubef4/CMakeFiles/stm32cubef4.dir/Drivers/STM32F4xx_HAL_Driver/Src/stm32f4xx_hal_tim.c.obj
LOAD lib/stm32cubef4/CMakeFiles/stm32cubef4.dir/Drivers/STM32F4xx_HAL_Driver/Src/stm32f4xx_hal_tim_ex.c.obj
LOAD lib/stm32cubef4/CMakeFiles/stm32cubef4.dir/Drivers/STM32F4xx_HAL_Driver/Src/stm32f4xx_hal_timebase_tim.c.obj
LOAD lib/stm32cubef4/CMakeFiles/stm32cubef4.dir/Drivers/STM32F4xx_HAL_Driver/Src/stm32f4xx_hal_uart.c.obj
LOAD lib/stm32cubef4/CMakeFiles/stm32cubef4.dir/Drivers/STM32F4xx_HAL_Driver/Src/stm32f4xx_hal_usart.c.obj
LOAD lib/stm32cubef4/CMakeFiles/stm32cubef4.dir/Drivers/STM32F4xx_HAL_Driver/Src/stm32f4xx_hal_i2c.c.obj
LOAD lib/stm32cubef4/CMakeFiles/stm32cubef4.dir/Drivers/STM32F4xx_HAL_Driver/Src/stm32f4xx_hal_i2c_ex.c.obj
LOAD lib/stm32cubef4/CMakeFiles/stm32cubef4.dir/Drivers/STM32F4xx_HAL_Driver/Src/stm32f4xx_hal_cortex.c.obj
LOAD lib/stm32cubef4/CMakeFiles/stm32cubef4.dir/Drivers/STM32F4xx_HAL_Driver/Src/stm32f4xx_hal_pwr.c.obj
LOAD lib/stm32cubef4/CMakeFiles/stm32cubef4.dir/Drivers/STM32F4xx_HAL_Driver/Src/stm32f4xx_hal_pwr_ex.c.obj
LOAD lib/stm32cubef4/CMakeFiles/stm32cubef4.dir/Drivers/STM32F4xx_HAL_Driver/Src/stm32f4xx_hal_rcc.c.obj
LOAD lib/stm32cubef4/CMakeFiles/stm32cubef4.dir/Drivers/STM32F4xx_HAL_Driver/Src/stm32f4xx_hal_rcc_ex.c.obj
LOAD lib/mxchip_bsp/CMakeFiles/mxchip_bsp.dir/stm_sensor/Src/lps22hb_reg.c.obj
LOAD lib/mxchip_bsp/CMakeFiles/mxchip_bsp.dir/stm_sensor/Src/hts221_reg.c.obj
LOAD lib/mxchip_bsp/CMakeFiles/mxchip_bsp.dir/stm_sensor/Src/lsm6dsl_reg.c.obj
LOAD lib/mxchip_bsp/CMakeFiles/mxchip_bsp.dir/stm_sensor/Src/lis2mdl_reg.c.obj
LOAD lib/mxchip_bsp/CMakeFiles/mxchip_bsp.dir/stm_sensor/Src/lsm6dsl_read_data_polling.c.obj
LOAD lib/mxchip_bsp/CMakeFiles/mxchip_bsp.dir/stm_sensor/Src/lps22hb_read_data_polling.c.obj
LOAD lib/mxchip_bsp/CMakeFiles/mxchip_bsp.dir/stm_sensor/Src/hts221_read_data_polling.c.obj
LOAD lib/mxchip_bsp/CMakeFiles/mxchip_bsp.dir/stm_sensor/Src/lis2mdl_read_data_polling.c.obj
LOAD lib/mxchip_bsp/CMakeFiles/mxchip_bsp.dir/ssd1306/ssd1306.c.obj
LOAD lib/mxchip_bsp/CMakeFiles/mxchip_bsp.dir/ssd1306/ssd1306_fonts.c.obj
LOAD shared_src/CMakeFiles/app_common.dir/newlib_nano.c.obj
LOAD app/CMakeFiles/mxchip_azure_iot.dir/startup/system_stm32f4xx.c.obj
LOAD app/CMakeFiles/mxchip_azure_iot.dir/startup/startup_stm32f412rx.s.obj
LOAD app/CMakeFiles/mxchip_azure_iot.dir/startup/tx_initialize_low_level.S.obj
LOAD app/CMakeFiles/mxchip_azure_iot.dir/stm32cubef4/stm32f4xx_hal_msp.c.obj
LOAD app/CMakeFiles/mxchip_azure_iot.dir/board_init.c.obj
LOAD app/CMakeFiles/mxchip_azure_iot.dir/console.c.obj
LOAD app/CMakeFiles/mxchip_azure_iot.dir/screen.c.obj
LOAD app/CMakeFiles/mxchip_azure_iot.dir/main.c.obj
LOAD lib/threadx/libthreadx.a
LOAD lib/threadx/libthreadx.a
START GROUP
LOAD C:/Program Files (x86)/Arm/GNU Toolchain mingw-w64-i686-arm-none-eabi/bin/../lib/gcc/arm-none-eabi/15.2.1/thumb/v7e-m+fp/hard\libgcc.a
LOAD C:/Program Files (x86)/Arm/GNU Toolchain mingw-w64-i686-arm-none-eabi/bin/../lib/gcc/arm-none-eabi/15.2.1/../../../../arm-none-eabi/lib/thumb/v7e-m+fp/hard\libg_nano.a
LOAD C:/Program Files (x86)/Arm/GNU Toolchain mingw-w64-i686-arm-none-eabi/bin/../lib/gcc/arm-none-eabi/15.2.1/../../../../arm-none-eabi/lib/thumb/v7e-m+fp/hard\libc_nano.a
END GROUP
START GROUP
LOAD C:/Program Files (x86)/Arm/GNU Toolchain mingw-w64-i686-arm-none-eabi/bin/../lib/gcc/arm-none-eabi/15.2.1/thumb/v7e-m+fp/hard\libgcc.a
LOAD C:/Program Files (x86)/Arm/GNU Toolchain mingw-w64-i686-arm-none-eabi/bin/../lib/gcc/arm-none-eabi/15.2.1/../../../../arm-none-eabi/lib/thumb/v7e-m+fp/hard\libc_nano.a
END GROUP
LOAD C:/Program Files (x86)/Arm/GNU Toolchain mingw-w64-i686-arm-none-eabi/bin/../lib/gcc/arm-none-eabi/15.2.1/thumb/v7e-m+fp/hard/crtend.o
LOAD C:/Program Files (x86)/Arm/GNU Toolchain mingw-w64-i686-arm-none-eabi/bin/../lib/gcc/arm-none-eabi/15.2.1/thumb/v7e-m+fp/hard/crtn.o
                0x2001ffff                        _estack = 0x2001ffff
                0x00000000                        _Min_Heap_Size = 0x0
                0x00000200                        _Min_Stack_Size = 0x200

.isr_vector     0x08000000      0x1c4
                0x08000000                        . = ALIGN (0x4)
 *(.isr_vector)
 .isr_vector    0x08000000      0x1c4 app/CMakeFiles/mxchip_azure_iot.dir/startup/startup_stm32f412rx.s.obj
                0x08000000                g_pfnVectors
                0x08000000                _vectors
                0x080001c4                        . = ALIGN (0x4)

.text           0x080001d0     0x7810
                0x080001d0                        . = ALIGN (0x4)
 *(.text)
 .text          0x080001d0       0x94 app/CMakeFiles/mxchip_azure_iot.dir/startup/tx_initialize_low_level.S.obj
                0x080001d0                _tx_initialize_low_level
                0x0800021e                __tx_BadHandler
                0x08000222                __tx_HardfaultHandler
                0x08000226                __tx_SVCallHandler
                0x0800022a                __tx_IntHandler
                0x08000232                __tx_SysTickHandler
                0x08000232                SysTick_Handler
                0x0800023e                __tx_NMIHandler
                0x08000242                __tx_DBGHandler
 *fill*         0x08000264        0xc 
 .text          0x08000270       0xc0 lib/threadx/libthreadx.a(tx_thread_schedule.S.obj)
                0x08000270                _tx_thread_schedule
                0x0800029c                PendSV_Handler
                0x0800029c                __tx_PendSVHandler
                0x0800031e                tx_thread_fpu_disable
                0x0800031e                tx_thread_fpu_enable
 .text          0x08000330       0xb8 lib/threadx/libthreadx.a(tx_timer_interrupt.S.obj)
                0x08000330                _tx_timer_interrupt
 .text          0x080003e8       0x30 C:/Program Files (x86)/Arm/GNU Toolchain mingw-w64-i686-arm-none-eabi/bin/../lib/gcc/arm-none-eabi/15.2.1/thumb/v7e-m+fp/hard\libgcc.a(_aeabi_uldivmod.o)
                0x080003e8                __aeabi_uldivmod
 .text          0x08000418        0x4 C:/Program Files (x86)/Arm/GNU Toolchain mingw-w64-i686-arm-none-eabi/bin/../lib/gcc/arm-none-eabi/15.2.1/thumb/v7e-m+fp/hard\libgcc.a(_dvmd_tls.o)
                0x08000418                __aeabi_idiv0
                0x08000418                __aeabi_ldiv0
 *fill*         0x0800041c        0x4 
 .text          0x08000420       0xa0 C:/Program Files (x86)/Arm/GNU Toolchain mingw-w64-i686-arm-none-eabi/bin/../lib/gcc/arm-none-eabi/15.2.1/../../../../arm-none-eabi/lib/thumb/v7e-m+fp/hard\libg_nano.a(libc_a-memchr.o)
                0x08000420                memchr
 *(.text*)
 .text.deregister_tm_clones
                0x080004c0       0x1c C:/Program Files (x86)/Arm/GNU Toolchain mingw-w64-i686-arm-none-eabi/bin/../lib/gcc/arm-none-eabi/15.2.1/thumb/v7e-m+fp/hard/crtbegin.o
 .text.register_tm_clones
                0x080004dc       0x24 C:/Program Files (x86)/Arm/GNU Toolchain mingw-w64-i686-arm-none-eabi/bin/../lib/gcc/arm-none-eabi/15.2.1/thumb/v7e-m+fp/hard/crtbegin.o
 .text.__do_global_dtors_aux
                0x08000500       0x28 C:/Program Files (x86)/Arm/GNU Toolchain mingw-w64-i686-arm-none-eabi/bin/../lib/gcc/arm-none-eabi/15.2.1/thumb/v7e-m+fp/hard/crtbegin.o
 .text.frame_dummy
                0x08000528       0x24 C:/Program Files (x86)/Arm/GNU Toolchain mingw-w64-i686-arm-none-eabi/bin/../lib/gcc/arm-none-eabi/15.2.1/thumb/v7e-m+fp/hard/crtbegin.o
 .text.HAL_Init
                0x0800054c       0x44 lib/stm32cubef4/CMakeFiles/stm32cubef4.dir/Drivers/STM32F4xx_HAL_Driver/Src/stm32f4xx_hal.c.obj
                0x0800054c                HAL_Init
 .text.HAL_IncTick
                0x08000590       0x24 lib/stm32cubef4/CMakeFiles/stm32cubef4.dir/Drivers/STM32F4xx_HAL_Driver/Src/stm32f4xx_hal.c.obj
                0x08000590                HAL_IncTick
 .text.HAL_GetTick
                0x080005b4       0x14 lib/stm32cubef4/CMakeFiles/stm32cubef4.dir/Drivers/STM32F4xx_HAL_Driver/Src/stm32f4xx_hal.c.obj
                0x080005b4                HAL_GetTick
 .text.HAL_Delay
                0x080005c8       0x48 lib/stm32cubef4/CMakeFiles/stm32cubef4.dir/Drivers/STM32F4xx_HAL_Driver/Src/stm32f4xx_hal.c.obj
                0x080005c8                HAL_Delay
 .text.HAL_GPIO_Init
                0x08000610      0x2f4 lib/stm32cubef4/CMakeFiles/stm32cubef4.dir/Drivers/STM32F4xx_HAL_Driver/Src/stm32f4xx_hal_gpio.c.obj
                0x08000610                HAL_GPIO_Init
 .text.HAL_GPIO_EXTI_IRQHandler
                0x08000904       0x30 lib/stm32cubef4/CMakeFiles/stm32cubef4.dir/Drivers/STM32F4xx_HAL_Driver/Src/stm32f4xx_hal_gpio.c.obj
                0x08000904                HAL_GPIO_EXTI_IRQHandler
 .text.HAL_TIM_Base_Init
                0x08000934       0x56 lib/stm32cubef4/CMakeFiles/stm32cubef4.dir/Drivers/STM32F4xx_HAL_Driver/Src/stm32f4xx_hal_tim.c.obj
                0x08000934                HAL_TIM_Base_Init
 .text.HAL_TIM_Base_MspInit
                0x0800098a       0x12 lib/stm32cubef4/CMakeFiles/stm32cubef4.dir/Drivers/STM32F4xx_HAL_Driver/Src/stm32f4xx_hal_tim.c.obj
                0x0800098a                HAL_TIM_Base_MspInit
 .text.HAL_TIM_Base_Start_IT
                0x0800099c       0x46 lib/stm32cubef4/CMakeFiles/stm32cubef4.dir/Drivers/STM32F4xx_HAL_Driver/Src/stm32f4xx_hal_tim.c.obj
                0x0800099c                HAL_TIM_Base_Start_IT
 .text.HAL_TIM_PWM_Init
                0x080009e2       0x56 lib/stm32cubef4/CMakeFiles/stm32cubef4.dir/Drivers/STM32F4xx_HAL_Driver/Src/stm32f4xx_hal_tim.c.obj
                0x080009e2                HAL_TIM_PWM_Init
 .text.HAL_TIM_PWM_MspInit
                0x08000a38       0x12 lib/stm32cubef4/CMakeFiles/stm32cubef4.dir/Drivers/STM32F4xx_HAL_Driver/Src/stm32f4xx_hal_tim.c.obj
                0x08000a38                HAL_TIM_PWM_MspInit
 *fill*         0x08000a4a        0x2 
 .text.HAL_TIM_PWM_Start
                0x08000a4c       0x7c lib/stm32cubef4/CMakeFiles/stm32cubef4.dir/Drivers/STM32F4xx_HAL_Driver/Src/stm32f4xx_hal_tim.c.obj
                0x08000a4c                HAL_TIM_PWM_Start
 .text.HAL_TIM_IRQHandler
                0x08000ac8      0x210 lib/stm32cubef4/CMakeFiles/stm32cubef4.dir/Drivers/STM32F4xx_HAL_Driver/Src/stm32f4xx_hal_tim.c.obj
                0x08000ac8                HAL_TIM_IRQHandler
 .text.HAL_TIM_PWM_ConfigChannel
                0x08000cd8      0x174 lib/stm32cubef4/CMakeFiles/stm32cubef4.dir/Drivers/STM32F4xx_HAL_Driver/Src/stm32f4xx_hal_tim.c.obj
                0x08000cd8                HAL_TIM_PWM_ConfigChannel
 .text.HAL_TIM_OC_DelayElapsedCallback
                0x08000e4c       0x12 lib/stm32cubef4/CMakeFiles/stm32cubef4.dir/Drivers/STM32F4xx_HAL_Driver/Src/stm32f4xx_hal_tim.c.obj
                0x08000e4c                HAL_TIM_OC_DelayElapsedCallback
 .text.HAL_TIM_IC_CaptureCallback
                0x08000e5e       0x12 lib/stm32cubef4/CMakeFiles/stm32cubef4.dir/Drivers/STM32F4xx_HAL_Driver/Src/stm32f4xx_hal_tim.c.obj
                0x08000e5e                HAL_TIM_IC_CaptureCallback
 .text.HAL_TIM_PWM_PulseFinishedCallback
                0x08000e70       0x12 lib/stm32cubef4/CMakeFiles/stm32cubef4.dir/Drivers/STM32F4xx_HAL_Driver/Src/stm32f4xx_hal_tim.c.obj
                0x08000e70                HAL_TIM_PWM_PulseFinishedCallback
 .text.HAL_TIM_TriggerCallback
                0x08000e82       0x12 lib/stm32cubef4/CMakeFiles/stm32cubef4.dir/Drivers/STM32F4xx_HAL_Driver/Src/stm32f4xx_hal_tim.c.obj
                0x08000e82                HAL_TIM_TriggerCallback
 .text.TIM_Base_SetConfig
                0x08000e94      0x13c lib/stm32cubef4/CMakeFiles/stm32cubef4.dir/Drivers/STM32F4xx_HAL_Driver/Src/stm32f4xx_hal_tim.c.obj
                0x08000e94                TIM_Base_SetConfig
 .text.TIM_OC1_SetConfig
                0x08000fd0       0xe0 lib/stm32cubef4/CMakeFiles/stm32cubef4.dir/Drivers/STM32F4xx_HAL_Driver/Src/stm32f4xx_hal_tim.c.obj
 .text.TIM_OC2_SetConfig
                0x080010b0       0xe8 lib/stm32cubef4/CMakeFiles/stm32cubef4.dir/Drivers/STM32F4xx_HAL_Driver/Src/stm32f4xx_hal_tim.c.obj
                0x080010b0                TIM_OC2_SetConfig
 .text.TIM_OC3_SetConfig
                0x08001198       0xe8 lib/stm32cubef4/CMakeFiles/stm32cubef4.dir/Drivers/STM32F4xx_HAL_Driver/Src/stm32f4xx_hal_tim.c.obj
 .text.TIM_OC4_SetConfig
                0x08001280       0xa8 lib/stm32cubef4/CMakeFiles/stm32cubef4.dir/Drivers/STM32F4xx_HAL_Driver/Src/stm32f4xx_hal_tim.c.obj
 .text.TIM_CCxChannelCmd
                0x08001328       0x48 lib/stm32cubef4/CMakeFiles/stm32cubef4.dir/Drivers/STM32F4xx_HAL_Driver/Src/stm32f4xx_hal_tim.c.obj
                0x08001328                TIM_CCxChannelCmd
 .text.HAL_TIMEx_CommutCallback
                0x08001370       0x12 lib/stm32cubef4/CMakeFiles/stm32cubef4.dir/Drivers/STM32F4xx_HAL_Driver/Src/stm32f4xx_hal_tim_ex.c.obj
                0x08001370                HAL_TIMEx_CommutCallback
 .text.HAL_TIMEx_BreakCallback
                0x08001382       0x12 lib/stm32cubef4/CMakeFiles/stm32cubef4.dir/Drivers/STM32F4xx_HAL_Driver/Src/stm32f4xx_hal_tim_ex.c.obj
                0x08001382                HAL_TIMEx_BreakCallback
 .text.HAL_InitTick
                0x08001394       0xcc lib/stm32cubef4/CMakeFiles/stm32cubef4.dir/Drivers/STM32F4xx_HAL_Driver/Src/stm32f4xx_hal_timebase_tim.c.obj
                0x08001394                HAL_InitTick
 .text.HAL_TIM_PeriodElapsedCallback
                0x08001460       0x14 lib/stm32cubef4/CMakeFiles/stm32cubef4.dir/Drivers/STM32F4xx_HAL_Driver/Src/stm32f4xx_hal_timebase_tim.c.obj
                0x08001460                HAL_TIM_PeriodElapsedCallback
 .text.TIM6_IRQHandler
                0x08001474       0x14 lib/stm32cubef4/CMakeFiles/stm32cubef4.dir/Drivers/STM32F4xx_HAL_Driver/Src/stm32f4xx_hal_timebase_tim.c.obj
                0x08001474                TIM6_IRQHandler
 .text.HAL_UART_Init
                0x08001488       0x9a lib/stm32cubef4/CMakeFiles/stm32cubef4.dir/Drivers/STM32F4xx_HAL_Driver/Src/stm32f4xx_hal_uart.c.obj
                0x08001488                HAL_UART_Init
 .text.HAL_UART_Transmit
                0x08001522      0x132 lib/stm32cubef4/CMakeFiles/stm32cubef4.dir/Drivers/STM32F4xx_HAL_Driver/Src/stm32f4xx_hal_uart.c.obj
                0x08001522                HAL_UART_Transmit
 .text.HAL_UART_Receive
                0x08001654      0x14c lib/stm32cubef4/CMakeFiles/stm32cubef4.dir/Drivers/STM32F4xx_HAL_Driver/Src/stm32f4xx_hal_uart.c.obj
                0x08001654                HAL_UART_Receive
 .text.UART_WaitOnFlagUntilTimeout
                0x080017a0       0x94 lib/stm32cubef4/CMakeFiles/stm32cubef4.dir/Drivers/STM32F4xx_HAL_Driver/Src/stm32f4xx_hal_uart.c.obj
 .text.UART_SetConfig
                0x08001834      0x9a0 lib/stm32cubef4/CMakeFiles/stm32cubef4.dir/Drivers/STM32F4xx_HAL_Driver/Src/stm32f4xx_hal_uart.c.obj
 .text.HAL_I2C_Init
                0x080021d4      0x288 lib/stm32cubef4/CMakeFiles/stm32cubef4.dir/Drivers/STM32F4xx_HAL_Driver/Src/stm32f4xx_hal_i2c.c.obj
                0x080021d4                HAL_I2C_Init
 .text.HAL_I2C_Mem_Write
                0x0800245c      0x1f4 lib/stm32cubef4/CMakeFiles/stm32cubef4.dir/Drivers/STM32F4xx_HAL_Driver/Src/stm32f4xx_hal_i2c.c.obj
                0x0800245c                HAL_I2C_Mem_Write
 .text.HAL_I2C_Mem_Read
                0x08002650      0x44c lib/stm32cubef4/CMakeFiles/stm32cubef4.dir/Drivers/STM32F4xx_HAL_Driver/Src/stm32f4xx_hal_i2c.c.obj
                0x08002650                HAL_I2C_Mem_Read
 .text.HAL_I2C_IsDeviceReady
                0x08002a9c      0x248 lib/stm32cubef4/CMakeFiles/stm32cubef4.dir/Drivers/STM32F4xx_HAL_Driver/Src/stm32f4xx_hal_i2c.c.obj
                0x08002a9c                HAL_I2C_IsDeviceReady
 .text.I2C_RequestMemoryWrite
                0x08002ce4      0x12c lib/stm32cubef4/CMakeFiles/stm32cubef4.dir/Drivers/STM32F4xx_HAL_Driver/Src/stm32f4xx_hal_i2c.c.obj
 .text.I2C_RequestMemoryRead
                0x08002e10      0x1d0 lib/stm32cubef4/CMakeFiles/stm32cubef4.dir/Drivers/STM32F4xx_HAL_Driver/Src/stm32f4xx_hal_i2c.c.obj
 .text.I2C_WaitOnFlagUntilTimeout
                0x08002fe0       0xae lib/stm32cubef4/CMakeFiles/stm32cubef4.dir/Drivers/STM32F4xx_HAL_Driver/Src/stm32f4xx_hal_i2c.c.obj
 .text.I2C_WaitOnMasterAddressFlagUntilTimeout
                0x0800308e       0xfe lib/stm32cubef4/CMakeFiles/stm32cubef4.dir/Drivers/STM32F4xx_HAL_Driver/Src/stm32f4xx_hal_i2c.c.obj
 .text.I2C_WaitOnTXEFlagUntilTimeout
                0x0800318c       0x82 lib/stm32cubef4/CMakeFiles/stm32cubef4.dir/Drivers/STM32F4xx_HAL_Driver/Src/stm32f4xx_hal_i2c.c.obj
 .text.I2C_WaitOnBTFFlagUntilTimeout
                0x0800320e       0x82 lib/stm32cubef4/CMakeFiles/stm32cubef4.dir/Drivers/STM32F4xx_HAL_Driver/Src/stm32f4xx_hal_i2c.c.obj
 .text.I2C_WaitOnRXNEFlagUntilTimeout
                0x08003290       0xac lib/stm32cubef4/CMakeFiles/stm32cubef4.dir/Drivers/STM32F4xx_HAL_Driver/Src/stm32f4xx_hal_i2c.c.obj
 .text.I2C_IsAcknowledgeFailed
                0x0800333c       0x5c lib/stm32cubef4/CMakeFiles/stm32cubef4.dir/Drivers/STM32F4xx_HAL_Driver/Src/stm32f4xx_hal_i2c.c.obj
 .text.__NVIC_SetPriorityGrouping
                0x08003398       0x48 lib/stm32cubef4/CMakeFiles/stm32cubef4.dir/Drivers/STM32F4xx_HAL_Driver/Src/stm32f4xx_hal_cortex.c.obj
 .text.__NVIC_GetPriorityGrouping
                0x080033e0       0x1c lib/stm32cubef4/CMakeFiles/stm32cubef4.dir/Drivers/STM32F4xx_HAL_Driver/Src/stm32f4xx_hal_cortex.c.obj
 .text.__NVIC_EnableIRQ
                0x080033fc       0x38 lib/stm32cubef4/CMakeFiles/stm32cubef4.dir/Drivers/STM32F4xx_HAL_Driver/Src/stm32f4xx_hal_cortex.c.obj
 .text.__NVIC_SetPriority
                0x08003434       0x54 lib/stm32cubef4/CMakeFiles/stm32cubef4.dir/Drivers/STM32F4xx_HAL_Driver/Src/stm32f4xx_hal_cortex.c.obj
 .text.NVIC_EncodePriority
                0x08003488       0x6e lib/stm32cubef4/CMakeFiles/stm32cubef4.dir/Drivers/STM32F4xx_HAL_Driver/Src/stm32f4xx_hal_cortex.c.obj
 .text.HAL_NVIC_SetPriorityGrouping
                0x080034f6       0x16 lib/stm32cubef4/CMakeFiles/stm32cubef4.dir/Drivers/STM32F4xx_HAL_Driver/Src/stm32f4xx_hal_cortex.c.obj
                0x080034f6                HAL_NVIC_SetPriorityGrouping
 .text.HAL_NVIC_SetPriority
                0x0800350c       0x38 lib/stm32cubef4/CMakeFiles/stm32cubef4.dir/Drivers/STM32F4xx_HAL_Driver/Src/stm32f4xx_hal_cortex.c.obj
                0x0800350c                HAL_NVIC_SetPriority
 .text.HAL_NVIC_EnableIRQ
                0x08003544       0x1c lib/stm32cubef4/CMakeFiles/stm32cubef4.dir/Drivers/STM32F4xx_HAL_Driver/Src/stm32f4xx_hal_cortex.c.obj
                0x08003544                HAL_NVIC_EnableIRQ
 .text.HAL_RCC_ClockConfig
                0x08003560      0x1cc lib/stm32cubef4/CMakeFiles/stm32cubef4.dir/Drivers/STM32F4xx_HAL_Driver/Src/stm32f4xx_hal_rcc.c.obj
                0x08003560                HAL_RCC_ClockConfig
 .text.HAL_RCC_GetSysClockFreq
                0x0800372c      0x188 lib/stm32cubef4/CMakeFiles/stm32cubef4.dir/Drivers/STM32F4xx_HAL_Driver/Src/stm32f4xx_hal_rcc.c.obj
                0x0800372c                HAL_RCC_GetSysClockFreq
 .text.HAL_RCC_GetHCLKFreq
                0x080038b4       0x14 lib/stm32cubef4/CMakeFiles/stm32cubef4.dir/Drivers/STM32F4xx_HAL_Driver/Src/stm32f4xx_hal_rcc.c.obj
                0x080038b4                HAL_RCC_GetHCLKFreq
 .text.HAL_RCC_GetPCLK1Freq
                0x080038c8       0x28 lib/stm32cubef4/CMakeFiles/stm32cubef4.dir/Drivers/STM32F4xx_HAL_Driver/Src/stm32f4xx_hal_rcc.c.obj
                0x080038c8                HAL_RCC_GetPCLK1Freq
 .text.HAL_RCC_GetPCLK2Freq
                0x080038f0       0x28 lib/stm32cubef4/CMakeFiles/stm32cubef4.dir/Drivers/STM32F4xx_HAL_Driver/Src/stm32f4xx_hal_rcc.c.obj
                0x080038f0                HAL_RCC_GetPCLK2Freq
 .text.HAL_RCC_GetClockConfig
                0x08003918       0x60 lib/stm32cubef4/CMakeFiles/stm32cubef4.dir/Drivers/STM32F4xx_HAL_Driver/Src/stm32f4xx_hal_rcc.c.obj
                0x08003918                HAL_RCC_GetClockConfig
 .text.HAL_RCC_OscConfig
                0x08003978      0x480 lib/stm32cubef4/CMakeFiles/stm32cubef4.dir/Drivers/STM32F4xx_HAL_Driver/Src/stm32f4xx_hal_rcc_ex.c.obj
                0x08003978                HAL_RCC_OscConfig
 .text.lps22hb_read_reg
                0x08003df8       0x30 lib/mxchip_bsp/CMakeFiles/mxchip_bsp.dir/stm_sensor/Src/lps22hb_reg.c.obj
                0x08003df8                lps22hb_read_reg
 .text.lps22hb_write_reg
                0x08003e28       0x30 lib/mxchip_bsp/CMakeFiles/mxchip_bsp.dir/stm_sensor/Src/lps22hb_reg.c.obj
                0x08003e28                lps22hb_write_reg
 .text.lps22hb_low_pass_filter_mode_set
                0x08003e58       0x4c lib/mxchip_bsp/CMakeFiles/mxchip_bsp.dir/stm_sensor/Src/lps22hb_reg.c.obj
                0x08003e58                lps22hb_low_pass_filter_mode_set
 .text.lps22hb_data_rate_set
                0x08003ea4       0x4c lib/mxchip_bsp/CMakeFiles/mxchip_bsp.dir/stm_sensor/Src/lps22hb_reg.c.obj
                0x08003ea4                lps22hb_data_rate_set
 .text.lps22hb_device_id_get
                0x08003ef0       0x22 lib/mxchip_bsp/CMakeFiles/mxchip_bsp.dir/stm_sensor/Src/lps22hb_reg.c.obj
                0x08003ef0                lps22hb_device_id_get
 .text.lps22hb_reset_set
                0x08003f12       0x4c lib/mxchip_bsp/CMakeFiles/mxchip_bsp.dir/stm_sensor/Src/lps22hb_reg.c.obj
                0x08003f12                lps22hb_reset_set
 .text.lps22hb_reset_get
                0x08003f5e       0x32 lib/mxchip_bsp/CMakeFiles/mxchip_bsp.dir/stm_sensor/Src/lps22hb_reg.c.obj
                0x08003f5e                lps22hb_reset_get
 .text.hts221_read_reg
                0x08003f90       0x30 lib/mxchip_bsp/CMakeFiles/mxchip_bsp.dir/stm_sensor/Src/hts221_reg.c.obj
                0x08003f90                hts221_read_reg
 .text.hts221_write_reg
                0x08003fc0       0x30 lib/mxchip_bsp/CMakeFiles/mxchip_bsp.dir/stm_sensor/Src/hts221_reg.c.obj
                0x08003fc0                hts221_write_reg
 .text.hts221_data_rate_set
                0x08003ff0       0x4c lib/mxchip_bsp/CMakeFiles/mxchip_bsp.dir/stm_sensor/Src/hts221_reg.c.obj
                0x08003ff0                hts221_data_rate_set
 .text.hts221_block_data_update_set
                0x0800403c       0x4c lib/mxchip_bsp/CMakeFiles/mxchip_bsp.dir/stm_sensor/Src/hts221_reg.c.obj
                0x0800403c                hts221_block_data_update_set
 .text.hts221_device_id_get
                0x08004088       0x22 lib/mxchip_bsp/CMakeFiles/mxchip_bsp.dir/stm_sensor/Src/hts221_reg.c.obj
                0x08004088                hts221_device_id_get
 .text.hts221_power_on_set
                0x080040aa       0x4c lib/mxchip_bsp/CMakeFiles/mxchip_bsp.dir/stm_sensor/Src/hts221_reg.c.obj
                0x080040aa                hts221_power_on_set
 .text.hts221_hum_rh_point_0_get
                0x080040f6       0x3c lib/mxchip_bsp/CMakeFiles/mxchip_bsp.dir/stm_sensor/Src/hts221_reg.c.obj
                0x080040f6                hts221_hum_rh_point_0_get
 .text.hts221_hum_rh_point_1_get
                0x08004132       0x3c lib/mxchip_bsp/CMakeFiles/mxchip_bsp.dir/stm_sensor/Src/hts221_reg.c.obj
                0x08004132                hts221_hum_rh_point_1_get
 .text.hts221_temp_deg_point_0_get
                0x0800416e       0x62 lib/mxchip_bsp/CMakeFiles/mxchip_bsp.dir/stm_sensor/Src/hts221_reg.c.obj
                0x0800416e                hts221_temp_deg_point_0_get
 .text.hts221_temp_deg_point_1_get
                0x080041d0       0x62 lib/mxchip_bsp/CMakeFiles/mxchip_bsp.dir/stm_sensor/Src/hts221_reg.c.obj
                0x080041d0                hts221_temp_deg_point_1_get
 .text.hts221_hum_adc_point_0_get
                0x08004232       0x44 lib/mxchip_bsp/CMakeFiles/mxchip_bsp.dir/stm_sensor/Src/hts221_reg.c.obj
                0x08004232                hts221_hum_adc_point_0_get
 .text.hts221_hum_adc_point_1_get
                0x08004276       0x44 lib/mxchip_bsp/CMakeFiles/mxchip_bsp.dir/stm_sensor/Src/hts221_reg.c.obj
                0x08004276                hts221_hum_adc_point_1_get
 .text.hts221_temp_adc_point_0_get
                0x080042ba       0x44 lib/mxchip_bsp/CMakeFiles/mxchip_bsp.dir/stm_sensor/Src/hts221_reg.c.obj
                0x080042ba                hts221_temp_adc_point_0_get
 .text.hts221_temp_adc_point_1_get
                0x080042fe       0x44 lib/mxchip_bsp/CMakeFiles/mxchip_bsp.dir/stm_sensor/Src/hts221_reg.c.obj
                0x080042fe                hts221_temp_adc_point_1_get
 .text.lsm6dsl_read_reg
                0x08004342       0x30 lib/mxchip_bsp/CMakeFiles/mxchip_bsp.dir/stm_sensor/Src/lsm6dsl_reg.c.obj
                0x08004342                lsm6dsl_read_reg
 .text.lsm6dsl_write_reg
                0x08004372       0x30 lib/mxchip_bsp/CMakeFiles/mxchip_bsp.dir/stm_sensor/Src/lsm6dsl_reg.c.obj
                0x08004372                lsm6dsl_write_reg
 .text.lsm6dsl_xl_full_scale_set
                0x080043a2       0x4c lib/mxchip_bsp/CMakeFiles/mxchip_bsp.dir/stm_sensor/Src/lsm6dsl_reg.c.obj
                0x080043a2                lsm6dsl_xl_full_scale_set
 .text.lsm6dsl_xl_data_rate_set
                0x080043ee       0x4c lib/mxchip_bsp/CMakeFiles/mxchip_bsp.dir/stm_sensor/Src/lsm6dsl_reg.c.obj
                0x080043ee                lsm6dsl_xl_data_rate_set
 .text.lsm6dsl_gy_full_scale_set
                0x0800443a       0x4c lib/mxchip_bsp/CMakeFiles/mxchip_bsp.dir/stm_sensor/Src/lsm6dsl_reg.c.obj
                0x0800443a                lsm6dsl_gy_full_scale_set
 .text.lsm6dsl_gy_data_rate_set
                0x08004486       0x4c lib/mxchip_bsp/CMakeFiles/mxchip_bsp.dir/stm_sensor/Src/lsm6dsl_reg.c.obj
                0x08004486                lsm6dsl_gy_data_rate_set
 .text.lsm6dsl_block_data_update_set
                0x080044d2       0x4c lib/mxchip_bsp/CMakeFiles/mxchip_bsp.dir/stm_sensor/Src/lsm6dsl_reg.c.obj
                0x080044d2                lsm6dsl_block_data_update_set
 .text.lsm6dsl_device_id_get
                0x0800451e       0x22 lib/mxchip_bsp/CMakeFiles/mxchip_bsp.dir/stm_sensor/Src/lsm6dsl_reg.c.obj
                0x0800451e                lsm6dsl_device_id_get
 .text.lsm6dsl_reset_set
                0x08004540       0x4c lib/mxchip_bsp/CMakeFiles/mxchip_bsp.dir/stm_sensor/Src/lsm6dsl_reg.c.obj
                0x08004540                lsm6dsl_reset_set
 .text.lsm6dsl_reset_get
                0x0800458c       0x32 lib/mxchip_bsp/CMakeFiles/mxchip_bsp.dir/stm_sensor/Src/lsm6dsl_reg.c.obj
                0x0800458c                lsm6dsl_reset_get
 .text.lsm6dsl_xl_filter_analog_set
                0x080045be       0x4c lib/mxchip_bsp/CMakeFiles/mxchip_bsp.dir/stm_sensor/Src/lsm6dsl_reg.c.obj
                0x080045be                lsm6dsl_xl_filter_analog_set
 .text.lsm6dsl_xl_lp2_bandwidth_set
                0x0800460a       0x6e lib/mxchip_bsp/CMakeFiles/mxchip_bsp.dir/stm_sensor/Src/lsm6dsl_reg.c.obj
                0x0800460a                lsm6dsl_xl_lp2_bandwidth_set
 .text.lsm6dsl_gy_band_pass_set
                0x08004678       0xdc lib/mxchip_bsp/CMakeFiles/mxchip_bsp.dir/stm_sensor/Src/lsm6dsl_reg.c.obj
                0x08004678                lsm6dsl_gy_band_pass_set
 .text.lis2mdl_read_reg
                0x08004754       0x30 lib/mxchip_bsp/CMakeFiles/mxchip_bsp.dir/stm_sensor/Src/lis2mdl_reg.c.obj
                0x08004754                lis2mdl_read_reg
 .text.lis2mdl_write_reg
                0x08004784       0x30 lib/mxchip_bsp/CMakeFiles/mxchip_bsp.dir/stm_sensor/Src/lis2mdl_reg.c.obj
                0x08004784                lis2mdl_write_reg
 .text.lis2mdl_operating_mode_set
                0x080047b4       0x4c lib/mxchip_bsp/CMakeFiles/mxchip_bsp.dir/stm_sensor/Src/lis2mdl_reg.c.obj
                0x080047b4                lis2mdl_operating_mode_set
 .text.lis2mdl_data_rate_set
                0x08004800       0x4c lib/mxchip_bsp/CMakeFiles/mxchip_bsp.dir/stm_sensor/Src/lis2mdl_reg.c.obj
                0x08004800                lis2mdl_data_rate_set
 .text.lis2mdl_offset_temp_comp_set
                0x0800484c       0x4c lib/mxchip_bsp/CMakeFiles/mxchip_bsp.dir/stm_sensor/Src/lis2mdl_reg.c.obj
                0x0800484c                lis2mdl_offset_temp_comp_set
 .text.lis2mdl_set_rst_mode_set
                0x08004898       0x4c lib/mxchip_bsp/CMakeFiles/mxchip_bsp.dir/stm_sensor/Src/lis2mdl_reg.c.obj
                0x08004898                lis2mdl_set_rst_mode_set
 .text.lis2mdl_block_data_update_set
                0x080048e4       0x4c lib/mxchip_bsp/CMakeFiles/mxchip_bsp.dir/stm_sensor/Src/lis2mdl_reg.c.obj
                0x080048e4                lis2mdl_block_data_update_set
 .text.lis2mdl_device_id_get
                0x08004930       0x22 lib/mxchip_bsp/CMakeFiles/mxchip_bsp.dir/stm_sensor/Src/lis2mdl_reg.c.obj
                0x08004930                lis2mdl_device_id_get
 .text.lis2mdl_reset_set
                0x08004952       0x4c lib/mxchip_bsp/CMakeFiles/mxchip_bsp.dir/stm_sensor/Src/lis2mdl_reg.c.obj
                0x08004952                lis2mdl_reset_set
 .text.lis2mdl_reset_get
                0x0800499e       0x32 lib/mxchip_bsp/CMakeFiles/mxchip_bsp.dir/stm_sensor/Src/lis2mdl_reg.c.obj
                0x0800499e                lis2mdl_reset_get
 .text.platform_write
                0x080049d0       0x48 lib/mxchip_bsp/CMakeFiles/mxchip_bsp.dir/stm_sensor/Src/lsm6dsl_read_data_polling.c.obj
 .text.platform_read
                0x08004a18       0x48 lib/mxchip_bsp/CMakeFiles/mxchip_bsp.dir/stm_sensor/Src/lsm6dsl_read_data_polling.c.obj
 .text.lsm6dsl_config
                0x08004a60       0x94 lib/mxchip_bsp/CMakeFiles/mxchip_bsp.dir/stm_sensor/Src/lsm6dsl_read_data_polling.c.obj
                0x08004a60                lsm6dsl_config
 .text.lps22hb_config
                0x08004af4       0x64 lib/mxchip_bsp/CMakeFiles/mxchip_bsp.dir/stm_sensor/Src/lps22hb_read_data_polling.c.obj
                0x08004af4                lps22hb_config
 .text.platform_write
                0x08004b58       0x48 lib/mxchip_bsp/CMakeFiles/mxchip_bsp.dir/stm_sensor/Src/lps22hb_read_data_polling.c.obj
 .text.platform_read
                0x08004ba0       0x48 lib/mxchip_bsp/CMakeFiles/mxchip_bsp.dir/stm_sensor/Src/lps22hb_read_data_polling.c.obj
 .text.hts221_config
                0x08004be8       0xb0 lib/mxchip_bsp/CMakeFiles/mxchip_bsp.dir/stm_sensor/Src/hts221_read_data_polling.c.obj
                0x08004be8                hts221_config
 .text.platform_write
                0x08004c98       0x50 lib/mxchip_bsp/CMakeFiles/mxchip_bsp.dir/stm_sensor/Src/hts221_read_data_polling.c.obj
 .text.platform_read
                0x08004ce8       0x50 lib/mxchip_bsp/CMakeFiles/mxchip_bsp.dir/stm_sensor/Src/hts221_read_data_polling.c.obj
 .text.lis2mdl_config
                0x08004d38       0x88 lib/mxchip_bsp/CMakeFiles/mxchip_bsp.dir/stm_sensor/Src/lis2mdl_read_data_polling.c.obj
                0x08004d38                lis2mdl_config
 .text.platform_write
                0x08004dc0       0x50 lib/mxchip_bsp/CMakeFiles/mxchip_bsp.dir/stm_sensor/Src/lis2mdl_read_data_polling.c.obj
 .text.platform_read
                0x08004e10       0x50 lib/mxchip_bsp/CMakeFiles/mxchip_bsp.dir/stm_sensor/Src/lis2mdl_read_data_polling.c.obj
 .text.ssd1306_Reset
                0x08004e60        0xc lib/mxchip_bsp/CMakeFiles/mxchip_bsp.dir/ssd1306/ssd1306.c.obj
                0x08004e60                ssd1306_Reset
 .text.ssd1306_WriteCommand
                0x08004e6c       0x30 lib/mxchip_bsp/CMakeFiles/mxchip_bsp.dir/ssd1306/ssd1306.c.obj
                0x08004e6c                ssd1306_WriteCommand
 .text.ssd1306_WriteData
                0x08004e9c       0x34 lib/mxchip_bsp/CMakeFiles/mxchip_bsp.dir/ssd1306/ssd1306.c.obj
                0x08004e9c                ssd1306_WriteData
 .text.ssd1306_Init
                0x08004ed0       0xd4 lib/mxchip_bsp/CMakeFiles/mxchip_bsp.dir/ssd1306/ssd1306.c.obj
                0x08004ed0                ssd1306_Init
 .text.ssd1306_Fill
                0x08004fa4       0x44 lib/mxchip_bsp/CMakeFiles/mxchip_bsp.dir/ssd1306/ssd1306.c.obj
                0x08004fa4                ssd1306_Fill
 .text.ssd1306_UpdateScreen
                0x08004fe8       0x50 lib/mxchip_bsp/CMakeFiles/mxchip_bsp.dir/ssd1306/ssd1306.c.obj
                0x08004fe8                ssd1306_UpdateScreen
 .text.ssd1306_DrawPixel
                0x08005038       0xc0 lib/mxchip_bsp/CMakeFiles/mxchip_bsp.dir/ssd1306/ssd1306.c.obj
                0x08005038                ssd1306_DrawPixel
 .text.ssd1306_WriteChar
                0x080050f8      0x110 lib/mxchip_bsp/CMakeFiles/mxchip_bsp.dir/ssd1306/ssd1306.c.obj
                0x080050f8                ssd1306_WriteChar
 .text.ssd1306_WriteString
                0x08005208       0x4c lib/mxchip_bsp/CMakeFiles/mxchip_bsp.dir/ssd1306/ssd1306.c.obj
                0x08005208                ssd1306_WriteString
 .text.ssd1306_SetCursor
                0x08005254       0x30 lib/mxchip_bsp/CMakeFiles/mxchip_bsp.dir/ssd1306/ssd1306.c.obj
                0x08005254                ssd1306_SetCursor
 .text.ssd1306_SetContrast
                0x08005284       0x26 lib/mxchip_bsp/CMakeFiles/mxchip_bsp.dir/ssd1306/ssd1306.c.obj
                0x08005284                ssd1306_SetContrast
 *fill*         0x080052aa        0x2 
 .text.ssd1306_SetDisplayOn
                0x080052ac       0x3c lib/mxchip_bsp/CMakeFiles/mxchip_bsp.dir/ssd1306/ssd1306.c.obj
                0x080052ac                ssd1306_SetDisplayOn
 .text._sbrk    0x080052e8       0x3c shared_src/CMakeFiles/app_common.dir/newlib_nano.c.obj
                0x080052e8                _sbrk
 .text._close   0x08005324       0x16 shared_src/CMakeFiles/app_common.dir/newlib_nano.c.obj
                0x08005324                _close
                0x08005324                close
 .text._fstat   0x0800533a       0x1e shared_src/CMakeFiles/app_common.dir/newlib_nano.c.obj
                0x0800533a                fstat
                0x0800533a                _fstat
 .text._isatty  0x08005358       0x14 shared_src/CMakeFiles/app_common.dir/newlib_nano.c.obj
                0x08005358                _isatty
                0x08005358                isatty
 .text._lseek   0x0800536c       0x18 shared_src/CMakeFiles/app_common.dir/newlib_nano.c.obj
                0x0800536c                _lseek
                0x0800536c                lseek
 .text.SystemInit
                0x08005384       0x28 app/CMakeFiles/mxchip_azure_iot.dir/startup/system_stm32f4xx.c.obj
                0x08005384                SystemInit
 .text.Reset_Handler
                0x080053ac       0x54 app/CMakeFiles/mxchip_azure_iot.dir/startup/startup_stm32f412rx.s.obj
                0x080053ac                Reset_Handler
 .text.Default_Handler
                0x08005400        0x2 app/CMakeFiles/mxchip_azure_iot.dir/startup/startup_stm32f412rx.s.obj
                0x08005400                RTC_Alarm_IRQHandler
                0x08005400                EXTI2_IRQHandler
                0x08005400                TIM8_CC_IRQHandler
                0x08005400                DebugMon_Handler
                0x08005400                FMPI2C1_EV_IRQHandler
                0x08005400                SPI4_IRQHandler
                0x08005400                TIM1_CC_IRQHandler
                0x08005400                DMA2_Stream5_IRQHandler
                0x08005400                HardFault_Handler
                0x08005400                DMA1_Stream5_IRQHandler
                0x08005400                PVD_IRQHandler
                0x08005400                SDIO_IRQHandler
                0x08005400                TAMP_STAMP_IRQHandler
                0x08005400                NMI_Handler
                0x08005400                CAN2_RX1_IRQHandler
                0x08005400                EXTI3_IRQHandler
                0x08005400                TIM8_TRG_COM_TIM14_IRQHandler
                0x08005400                DFSDM1_FLT1_IRQHandler
                0x08005400                TIM1_UP_TIM10_IRQHandler
                0x08005400                TIM8_UP_TIM13_IRQHandler
                0x08005400                I2C3_ER_IRQHandler
                0x08005400                EXTI0_IRQHandler
                0x08005400                I2C2_EV_IRQHandler
                0x08005400                DMA1_Stream2_IRQHandler
                0x08005400                CAN1_RX0_IRQHandler
                0x08005400                FPU_IRQHandler
                0x08005400                UsageFault_Handler
                0x08005400                CAN2_SCE_IRQHandler
                0x08005400                DMA2_Stream2_IRQHandler
                0x08005400                SPI1_IRQHandler
                0x08005400                TIM1_BRK_TIM9_IRQHandler
                0x08005400                CAN2_RX0_IRQHandler
                0x08005400                DMA2_Stream3_IRQHandler
                0x08005400                USART6_IRQHandler
                0x08005400                USART3_IRQHandler
                0x08005400                CAN1_RX1_IRQHandler
                0x08005400                DMA2_Stream0_IRQHandler
                0x08005400                TIM4_IRQHandler
                0x08005400                QUADSPI_IRQHandler
                0x08005400                I2C1_EV_IRQHandler
                0x08005400                DMA1_Stream6_IRQHandler
                0x08005400                DMA1_Stream1_IRQHandler
                0x08005400                TIM3_IRQHandler
                0x08005400                RCC_IRQHandler
                0x08005400                TIM8_BRK_TIM12_IRQHandler
                0x08005400                Default_Handler
                0x08005400                ADC_IRQHandler
                0x08005400                DMA1_Stream7_IRQHandler
                0x08005400                SPI5_IRQHandler
                0x08005400                TIM7_IRQHandler
                0x08005400                CAN2_TX_IRQHandler
                0x08005400                TIM5_IRQHandler
                0x08005400                DMA2_Stream7_IRQHandler
                0x08005400                I2C3_EV_IRQHandler
                0x08005400                EXTI9_5_IRQHandler
                0x08005400                RTC_WKUP_IRQHandler
                0x08005400                SPI2_IRQHandler
                0x08005400                MemManage_Handler
                0x08005400                DMA1_Stream0_IRQHandler
                0x08005400                CAN1_TX_IRQHandler
                0x08005400                SVC_Handler
                0x08005400                FMPI2C1_ER_IRQHandler
                0x08005400                RNG_IRQHandler
                0x08005400                WWDG_IRQHandler
                0x08005400                TIM2_IRQHandler
                0x08005400                OTG_FS_WKUP_IRQHandler
                0x08005400                TIM1_TRG_COM_TIM11_IRQHandler
                0x08005400                EXTI1_IRQHandler
                0x08005400                USART2_IRQHandler
                0x08005400                DFSDM1_FLT0_IRQHandler
                0x08005400                I2C2_ER_IRQHandler
                0x08005400                DMA2_Stream1_IRQHandler
                0x08005400                CAN1_SCE_IRQHandler
                0x08005400                FLASH_IRQHandler
                0x08005400                DMA2_Stream4_IRQHandler
                0x08005400                BusFault_Handler
                0x08005400                USART1_IRQHandler
                0x08005400                OTG_FS_IRQHandler
                0x08005400                SPI3_IRQHandler
                0x08005400                DMA1_Stream4_IRQHandler
                0x08005400                I2C1_ER_IRQHandler
                0x08005400                DMA2_Stream6_IRQHandler
                0x08005400                DMA1_Stream3_IRQHandler
 .text.HAL_MspInit
                0x08005402       0x34 app/CMakeFiles/mxchip_azure_iot.dir/stm32cubef4/stm32f4xx_hal_msp.c.obj
                0x08005402                HAL_MspInit
 *fill*         0x08005436        0x2 
 .text.HAL_I2C_MspInit
                0x08005438       0xa4 app/CMakeFiles/mxchip_azure_iot.dir/stm32cubef4/stm32f4xx_hal_msp.c.obj
                0x08005438                HAL_I2C_MspInit
 .text.HAL_UART_MspInit
                0x080054dc       0x80 app/CMakeFiles/mxchip_azure_iot.dir/stm32cubef4/stm32f4xx_hal_msp.c.obj
                0x080054dc                HAL_UART_MspInit
 .text.Init_MEM1_Sensors
                0x0800555c       0x58 app/CMakeFiles/mxchip_azure_iot.dir/board_init.c.obj
 .text.Init_Screen
                0x080055b4       0x8c app/CMakeFiles/mxchip_azure_iot.dir/board_init.c.obj
                0x080055b4                Init_Screen
 .text.board_init
                0x08005640       0x28 app/CMakeFiles/mxchip_azure_iot.dir/board_init.c.obj
                0x08005640                board_init
 .text.SystemClock_Config
                0x08005668       0xbc app/CMakeFiles/mxchip_azure_iot.dir/board_init.c.obj
 .text.STM32_Error_Handler
                0x08005724       0x14 app/CMakeFiles/mxchip_azure_iot.dir/board_init.c.obj
 .text.TIM_Init
                0x08005738       0xf8 app/CMakeFiles/mxchip_azure_iot.dir/board_init.c.obj
 .text.GPIO_Init
                0x08005830      0x118 app/CMakeFiles/mxchip_azure_iot.dir/board_init.c.obj
 .text.I2C1_Init
                0x08005948       0x60 app/CMakeFiles/mxchip_azure_iot.dir/board_init.c.obj
 .text.UART_Console_Init
                0x080059a8       0x54 app/CMakeFiles/mxchip_azure_iot.dir/board_init.c.obj
 .text.button_a_callback
                0x080059fc        0xc app/CMakeFiles/mxchip_azure_iot.dir/board_init.c.obj
                0x080059fc                button_a_callback
 .text.button_b_callback
                0x08005a08        0xc app/CMakeFiles/mxchip_azure_iot.dir/board_init.c.obj
                0x08005a08                button_b_callback
 .text.EXTI4_IRQHandler
                0x08005a14        0xe app/CMakeFiles/mxchip_azure_iot.dir/board_init.c.obj
                0x08005a14                EXTI4_IRQHandler
 .text.EXTI15_10_IRQHandler
                0x08005a22       0x10 app/CMakeFiles/mxchip_azure_iot.dir/board_init.c.obj
                0x08005a22                EXTI15_10_IRQHandler
 .text.HAL_GPIO_EXTI_Callback
                0x08005a32       0x2c app/CMakeFiles/mxchip_azure_iot.dir/board_init.c.obj
                0x08005a32                HAL_GPIO_EXTI_Callback
 *fill*         0x08005a5e        0x2 
 .text.__io_putchar
                0x08005a60       0x24 app/CMakeFiles/mxchip_azure_iot.dir/console.c.obj
                0x08005a60                __io_putchar
 .text.__io_getchar
                0x08005a84       0x48 app/CMakeFiles/mxchip_azure_iot.dir/console.c.obj
                0x08005a84                __io_getchar
 .text._read    0x08005acc       0x3a app/CMakeFiles/mxchip_azure_iot.dir/console.c.obj
                0x08005acc                _read
 .text._write   0x08005b06       0x38 app/CMakeFiles/mxchip_azure_iot.dir/console.c.obj
                0x08005b06                _write
 *fill*         0x08005b3e        0x2 
 .text.screen_print
                0x08005b40       0x38 app/CMakeFiles/mxchip_azure_iot.dir/screen.c.obj
                0x08005b40                screen_print
 .text.delay    0x08005b78       0x2c app/CMakeFiles/mxchip_azure_iot.dir/main.c.obj
                0x08005b78                delay
 .text.main     0x08005ba4       0x84 app/CMakeFiles/mxchip_azure_iot.dir/main.c.obj
                0x08005ba4                main
 .text._tx_thread_sleep
                0x08005c28      0x100 lib/threadx/libthreadx.a(tx_thread_sleep.c.obj)
                0x08005c28                _tx_thread_sleep
 .text._tx_thread_system_suspend
                0x08005d28      0x320 lib/threadx/libthreadx.a(tx_thread_system_suspend.c.obj)
                0x08005d28                _tx_thread_system_suspend
 .text._tx_thread_time_slice
                0x08006048       0xa0 lib/threadx/libthreadx.a(tx_thread_time_slice.c.obj)
                0x08006048                _tx_thread_time_slice
 .text._tx_timer_expiration_process
                0x080060e8       0x44 lib/threadx/libthreadx.a(tx_timer_expiration_process.c.obj)
                0x080060e8                _tx_timer_expiration_process
 .text._tx_timer_system_activate
                0x0800612c       0xc0 lib/threadx/libthreadx.a(tx_timer_system_activate.c.obj)
                0x0800612c                _tx_timer_system_activate
 .text._tx_thread_system_resume
                0x080061ec      0x228 lib/threadx/libthreadx.a(tx_thread_system_resume.c.obj)
                0x080061ec                _tx_thread_system_resume
 .text._tx_timer_system_deactivate
                0x08006414       0x6c lib/threadx/libthreadx.a(tx_timer_system_deactivate.c.obj)
                0x08006414                _tx_timer_system_deactivate
 .text.__udivmoddi4
                0x08006480      0x320 C:/Program Files (x86)/Arm/GNU Toolchain mingw-w64-i686-arm-none-eabi/bin/../lib/gcc/arm-none-eabi/15.2.1/thumb/v7e-m+fp/hard\libgcc.a(_udivmoddi4.o)
                0x08006480                __udivmoddi4
 .text.std      0x080067a0       0x6c C:/Program Files (x86)/Arm/GNU Toolchain mingw-w64-i686-arm-none-eabi/bin/../lib/gcc/arm-none-eabi/15.2.1/../../../../arm-none-eabi/lib/thumb/v7e-m+fp/hard\libg_nano.a(libc_a-findfp.o)
 .text.stdio_exit_handler
                0x0800680c       0x18 C:/Program Files (x86)/Arm/GNU Toolchain mingw-w64-i686-arm-none-eabi/bin/../lib/gcc/arm-none-eabi/15.2.1/../../../../arm-none-eabi/lib/thumb/v7e-m+fp/hard\libg_nano.a(libc_a-findfp.o)
 .text.cleanup_stdio
                0x08006824       0x40 C:/Program Files (x86)/Arm/GNU Toolchain mingw-w64-i686-arm-none-eabi/bin/../lib/gcc/arm-none-eabi/15.2.1/../../../../arm-none-eabi/lib/thumb/v7e-m+fp/hard\libg_nano.a(libc_a-findfp.o)
 .text.global_stdio_init.part.0
                0x08006864       0x40 C:/Program Files (x86)/Arm/GNU Toolchain mingw-w64-i686-arm-none-eabi/bin/../lib/gcc/arm-none-eabi/15.2.1/../../../../arm-none-eabi/lib/thumb/v7e-m+fp/hard\libg_nano.a(libc_a-findfp.o)
 .text.__sfp_lock_acquire
                0x080068a4        0xc C:/Program Files (x86)/Arm/GNU Toolchain mingw-w64-i686-arm-none-eabi/bin/../lib/gcc/arm-none-eabi/15.2.1/../../../../arm-none-eabi/lib/thumb/v7e-m+fp/hard\libg_nano.a(libc_a-findfp.o)
                0x080068a4                __sfp_lock_acquire
 .text.__sfp_lock_release
                0x080068b0        0xc C:/Program Files (x86)/Arm/GNU Toolchain mingw-w64-i686-arm-none-eabi/bin/../lib/gcc/arm-none-eabi/15.2.1/../../../../arm-none-eabi/lib/thumb/v7e-m+fp/hard\libg_nano.a(libc_a-findfp.o)
                0x080068b0                __sfp_lock_release
 .text.__sinit  0x080068bc       0x30 C:/Program Files (x86)/Arm/GNU Toolchain mingw-w64-i686-arm-none-eabi/bin/../lib/gcc/arm-none-eabi/15.2.1/../../../../arm-none-eabi/lib/thumb/v7e-m+fp/hard\libg_nano.a(libc_a-findfp.o)
                0x080068bc                __sinit
 .text._fwalk_sglue
                0x080068ec       0x3a C:/Program Files (x86)/Arm/GNU Toolchain mingw-w64-i686-arm-none-eabi/bin/../lib/gcc/arm-none-eabi/15.2.1/../../../../arm-none-eabi/lib/thumb/v7e-m+fp/hard\libg_nano.a(libc_a-fwalk.o)
                0x080068ec                _fwalk_sglue
 *fill*         0x08006926        0x2 
 .text.printf   0x08006928       0x24 C:/Program Files (x86)/Arm/GNU Toolchain mingw-w64-i686-arm-none-eabi/bin/../lib/gcc/arm-none-eabi/15.2.1/../../../../arm-none-eabi/lib/thumb/v7e-m+fp/hard\libg_nano.a(libc_a-printf.o)
                0x08006928                iprintf
                0x08006928                printf
 .text.snprintf
                0x0800694c       0x64 C:/Program Files (x86)/Arm/GNU Toolchain mingw-w64-i686-arm-none-eabi/bin/../lib/gcc/arm-none-eabi/15.2.1/../../../../arm-none-eabi/lib/thumb/v7e-m+fp/hard\libg_nano.a(libc_a-snprintf.o)
                0x0800694c                sniprintf
                0x0800694c                snprintf
 .text.__sread  0x080069b0       0x22 C:/Program Files (x86)/Arm/GNU Toolchain mingw-w64-i686-arm-none-eabi/bin/../lib/gcc/arm-none-eabi/15.2.1/../../../../arm-none-eabi/lib/thumb/v7e-m+fp/hard\libg_nano.a(libc_a-stdio.o)
                0x080069b0                __sread
 .text.__swrite
                0x080069d2       0x38 C:/Program Files (x86)/Arm/GNU Toolchain mingw-w64-i686-arm-none-eabi/bin/../lib/gcc/arm-none-eabi/15.2.1/../../../../arm-none-eabi/lib/thumb/v7e-m+fp/hard\libg_nano.a(libc_a-stdio.o)
                0x080069d2                __swrite
 .text.__sseek  0x08006a0a       0x26 C:/Program Files (x86)/Arm/GNU Toolchain mingw-w64-i686-arm-none-eabi/bin/../lib/gcc/arm-none-eabi/15.2.1/../../../../arm-none-eabi/lib/thumb/v7e-m+fp/hard\libg_nano.a(libc_a-stdio.o)
                0x08006a0a                __sseek
 .text.__sclose
                0x08006a30        0x8 C:/Program Files (x86)/Arm/GNU Toolchain mingw-w64-i686-arm-none-eabi/bin/../lib/gcc/arm-none-eabi/15.2.1/../../../../arm-none-eabi/lib/thumb/v7e-m+fp/hard\libg_nano.a(libc_a-stdio.o)
                0x08006a30                __sclose
 .text.memset   0x08006a38       0x10 C:/Program Files (x86)/Arm/GNU Toolchain mingw-w64-i686-arm-none-eabi/bin/../lib/gcc/arm-none-eabi/15.2.1/../../../../arm-none-eabi/lib/thumb/v7e-m+fp/hard\libg_nano.a(libc_a-memset.o)
                0x08006a38                memset
 .text._close_r
                0x08006a48       0x20 C:/Program Files (x86)/Arm/GNU Toolchain mingw-w64-i686-arm-none-eabi/bin/../lib/gcc/arm-none-eabi/15.2.1/../../../../arm-none-eabi/lib/thumb/v7e-m+fp/hard\libg_nano.a(libc_a-closer.o)
                0x08006a48                _close_r
 .text._lseek_r
                0x08006a68       0x24 C:/Program Files (x86)/Arm/GNU Toolchain mingw-w64-i686-arm-none-eabi/bin/../lib/gcc/arm-none-eabi/15.2.1/../../../../arm-none-eabi/lib/thumb/v7e-m+fp/hard\libg_nano.a(libc_a-lseekr.o)
                0x08006a68                _lseek_r
 .text._read_r  0x08006a8c       0x24 C:/Program Files (x86)/Arm/GNU Toolchain mingw-w64-i686-arm-none-eabi/bin/../lib/gcc/arm-none-eabi/15.2.1/../../../../arm-none-eabi/lib/thumb/v7e-m+fp/hard\libg_nano.a(libc_a-readr.o)
                0x08006a8c                _read_r
 .text._write_r
                0x08006ab0       0x24 C:/Program Files (x86)/Arm/GNU Toolchain mingw-w64-i686-arm-none-eabi/bin/../lib/gcc/arm-none-eabi/15.2.1/../../../../arm-none-eabi/lib/thumb/v7e-m+fp/hard\libg_nano.a(libc_a-writer.o)
                0x08006ab0                _write_r
 .text.__libc_init_array
                0x08006ad4       0x48 C:/Program Files (x86)/Arm/GNU Toolchain mingw-w64-i686-arm-none-eabi/bin/../lib/gcc/arm-none-eabi/15.2.1/../../../../arm-none-eabi/lib/thumb/v7e-m+fp/hard\libg_nano.a(libc_a-init.o)
                0x08006ad4                __libc_init_array
 .text.__retarget_lock_init_recursive
                0x08006b1c        0x2 C:/Program Files (x86)/Arm/GNU Toolchain mingw-w64-i686-arm-none-eabi/bin/../lib/gcc/arm-none-eabi/15.2.1/../../../../arm-none-eabi/lib/thumb/v7e-m+fp/hard\libg_nano.a(libc_a-lock.o)
                0x08006b1c                __retarget_lock_init_recursive
 .text.__retarget_lock_acquire_recursive
                0x08006b1e        0x2 C:/Program Files (x86)/Arm/GNU Toolchain mingw-w64-i686-arm-none-eabi/bin/../lib/gcc/arm-none-eabi/15.2.1/../../../../arm-none-eabi/lib/thumb/v7e-m+fp/hard\libg_nano.a(libc_a-lock.o)
                0x08006b1e                __retarget_lock_acquire_recursive
 .text.__retarget_lock_release_recursive
                0x08006b20        0x2 C:/Program Files (x86)/Arm/GNU Toolchain mingw-w64-i686-arm-none-eabi/bin/../lib/gcc/arm-none-eabi/15.2.1/../../../../arm-none-eabi/lib/thumb/v7e-m+fp/hard\libg_nano.a(libc_a-lock.o)
                0x08006b20                __retarget_lock_release_recursive
 .text.memcpy   0x08006b22       0x1c C:/Program Files (x86)/Arm/GNU Toolchain mingw-w64-i686-arm-none-eabi/bin/../lib/gcc/arm-none-eabi/15.2.1/../../../../arm-none-eabi/lib/thumb/v7e-m+fp/hard\libg_nano.a(libc_a-memcpy-stub.o)
                0x08006b22                memcpy
 *fill*         0x08006b3e        0x2 
 .text._free_r  0x08006b40       0x98 C:/Program Files (x86)/Arm/GNU Toolchain mingw-w64-i686-arm-none-eabi/bin/../lib/gcc/arm-none-eabi/15.2.1/../../../../arm-none-eabi/lib/thumb/v7e-m+fp/hard\libg_nano.a(libc_a-freer.o)
                0x08006b40                _free_r
 .text.sbrk_aligned
                0x08006bd8       0x44 C:/Program Files (x86)/Arm/GNU Toolchain mingw-w64-i686-arm-none-eabi/bin/../lib/gcc/arm-none-eabi/15.2.1/../../../../arm-none-eabi/lib/thumb/v7e-m+fp/hard\libg_nano.a(libc_a-mallocr.o)
 .text._malloc_r
                0x08006c1c       0xf8 C:/Program Files (x86)/Arm/GNU Toolchain mingw-w64-i686-arm-none-eabi/bin/../lib/gcc/arm-none-eabi/15.2.1/../../../../arm-none-eabi/lib/thumb/v7e-m+fp/hard\libg_nano.a(libc_a-mallocr.o)
                0x08006c1c                _malloc_r
 .text.__malloc_lock
                0x08006d14        0xc C:/Program Files (x86)/Arm/GNU Toolchain mingw-w64-i686-arm-none-eabi/bin/../lib/gcc/arm-none-eabi/15.2.1/../../../../arm-none-eabi/lib/thumb/v7e-m+fp/hard\libg_nano.a(libc_a-mlock.o)
                0x08006d14                __malloc_lock
 .text.__malloc_unlock
                0x08006d20        0xc C:/Program Files (x86)/Arm/GNU Toolchain mingw-w64-i686-arm-none-eabi/bin/../lib/gcc/arm-none-eabi/15.2.1/../../../../arm-none-eabi/lib/thumb/v7e-m+fp/hard\libg_nano.a(libc_a-mlock.o)
                0x08006d20                __malloc_unlock
 .text.__ssputs_r
                0x08006d2c       0xc0 C:/Program Files (x86)/Arm/GNU Toolchain mingw-w64-i686-arm-none-eabi/bin/../lib/gcc/arm-none-eabi/15.2.1/../../../../arm-none-eabi/lib/thumb/v7e-m+fp/hard\libg_nano.a(libc_a-nano-svfprintf.o)
                0x08006d2c                __ssputs_r
 .text._svfprintf_r
                0x08006dec      0x1f0 C:/Program Files (x86)/Arm/GNU Toolchain mingw-w64-i686-arm-none-eabi/bin/../lib/gcc/arm-none-eabi/15.2.1/../../../../arm-none-eabi/lib/thumb/v7e-m+fp/hard\libg_nano.a(libc_a-nano-svfprintf.o)
                0x08006dec                _svfiprintf_r
                0x08006dec                _svfprintf_r
 .text.__sfputc_r
                0x08006fdc       0x2a C:/Program Files (x86)/Arm/GNU Toolchain mingw-w64-i686-arm-none-eabi/bin/../lib/gcc/arm-none-eabi/15.2.1/../../../../arm-none-eabi/lib/thumb/v7e-m+fp/hard\libg_nano.a(libc_a-nano-vfprintf.o)
 .text.__sfputs_r
                0x08007006       0x24 C:/Program Files (x86)/Arm/GNU Toolchain mingw-w64-i686-arm-none-eabi/bin/../lib/gcc/arm-none-eabi/15.2.1/../../../../arm-none-eabi/lib/thumb/v7e-m+fp/hard\libg_nano.a(libc_a-nano-vfprintf.o)
                0x08007006                __sfputs_r
 *fill*         0x0800702a        0x2 
 .text._vfprintf_r
                0x0800702c      0x228 C:/Program Files (x86)/Arm/GNU Toolchain mingw-w64-i686-arm-none-eabi/bin/../lib/gcc/arm-none-eabi/15.2.1/../../../../arm-none-eabi/lib/thumb/v7e-m+fp/hard\libg_nano.a(libc_a-nano-vfprintf.o)
                0x0800702c                _vfprintf_r
                0x0800702c                _vfiprintf_r
 .text._printf_common
                0x08007254       0xea C:/Program Files (x86)/Arm/GNU Toolchain mingw-w64-i686-arm-none-eabi/bin/../lib/gcc/arm-none-eabi/15.2.1/../../../../arm-none-eabi/lib/thumb/v7e-m+fp/hard\libg_nano.a(libc_a-nano-vfprintf_i.o)
                0x08007254                _printf_common
 *fill*         0x0800733e        0x2 
 .text._printf_i
                0x08007340      0x254 C:/Program Files (x86)/Arm/GNU Toolchain mingw-w64-i686-arm-none-eabi/bin/../lib/gcc/arm-none-eabi/15.2.1/../../../../arm-none-eabi/lib/thumb/v7e-m+fp/hard\libg_nano.a(libc_a-nano-vfprintf_i.o)
                0x08007340                _printf_i
 .text.__sflush_r
                0x08007594      0x100 C:/Program Files (x86)/Arm/GNU Toolchain mingw-w64-i686-arm-none-eabi/bin/../lib/gcc/arm-none-eabi/15.2.1/../../../../arm-none-eabi/lib/thumb/v7e-m+fp/hard\libg_nano.a(libc_a-fflush.o)
                0x08007594                __sflush_r
 .text._fflush_r
                0x08007694       0x50 C:/Program Files (x86)/Arm/GNU Toolchain mingw-w64-i686-arm-none-eabi/bin/../lib/gcc/arm-none-eabi/15.2.1/../../../../arm-none-eabi/lib/thumb/v7e-m+fp/hard\libg_nano.a(libc_a-fflush.o)
                0x08007694                _fflush_r
 .text.__swbuf_r
                0x080076e4       0x7a C:/Program Files (x86)/Arm/GNU Toolchain mingw-w64-i686-arm-none-eabi/bin/../lib/gcc/arm-none-eabi/15.2.1/../../../../arm-none-eabi/lib/thumb/v7e-m+fp/hard\libg_nano.a(libc_a-wbuf.o)
                0x080076e4                __swbuf_r
 *fill*         0x0800775e        0x2 
 .text.__swsetup_r
                0x08007760       0xa8 C:/Program Files (x86)/Arm/GNU Toolchain mingw-w64-i686-arm-none-eabi/bin/../lib/gcc/arm-none-eabi/15.2.1/../../../../arm-none-eabi/lib/thumb/v7e-m+fp/hard\libg_nano.a(libc_a-wsetup.o)
                0x08007760                __swsetup_r
 .text.memmove  0x08007808       0x32 C:/Program Files (x86)/Arm/GNU Toolchain mingw-w64-i686-arm-none-eabi/bin/../lib/gcc/arm-none-eabi/15.2.1/../../../../arm-none-eabi/lib/thumb/v7e-m+fp/hard\libg_nano.a(libc_a-memmove.o)
                0x08007808                memmove
 *fill*         0x0800783a        0x2 
 .text._sbrk_r  0x0800783c       0x20 C:/Program Files (x86)/Arm/GNU Toolchain mingw-w64-i686-arm-none-eabi/bin/../lib/gcc/arm-none-eabi/15.2.1/../../../../arm-none-eabi/lib/thumb/v7e-m+fp/hard\libg_nano.a(libc_a-sbrkr.o)
                0x0800783c                _sbrk_r
 .text._realloc_r
                0x0800785c       0x5c C:/Program Files (x86)/Arm/GNU Toolchain mingw-w64-i686-arm-none-eabi/bin/../lib/gcc/arm-none-eabi/15.2.1/../../../../arm-none-eabi/lib/thumb/v7e-m+fp/hard\libg_nano.a(libc_a-reallocr.o)
                0x0800785c                _realloc_r
 .text.__swhatbuf_r
                0x080078b8       0x48 C:/Program Files (x86)/Arm/GNU Toolchain mingw-w64-i686-arm-none-eabi/bin/../lib/gcc/arm-none-eabi/15.2.1/../../../../arm-none-eabi/lib/thumb/v7e-m+fp/hard\libg_nano.a(libc_a-makebuf.o)
                0x080078b8                __swhatbuf_r
 .text.__smakebuf_r
                0x08007900       0x72 C:/Program Files (x86)/Arm/GNU Toolchain mingw-w64-i686-arm-none-eabi/bin/../lib/gcc/arm-none-eabi/15.2.1/../../../../arm-none-eabi/lib/thumb/v7e-m+fp/hard\libg_nano.a(libc_a-makebuf.o)
                0x08007900                __smakebuf_r
 *fill*         0x08007972        0x2 
 .text._fstat_r
                0x08007974       0x24 C:/Program Files (x86)/Arm/GNU Toolchain mingw-w64-i686-arm-none-eabi/bin/../lib/gcc/arm-none-eabi/15.2.1/../../../../arm-none-eabi/lib/thumb/v7e-m+fp/hard\libg_nano.a(libc_a-fstatr.o)
                0x08007974                _fstat_r
 .text._isatty_r
                0x08007998       0x20 C:/Program Files (x86)/Arm/GNU Toolchain mingw-w64-i686-arm-none-eabi/bin/../lib/gcc/arm-none-eabi/15.2.1/../../../../arm-none-eabi/lib/thumb/v7e-m+fp/hard\libg_nano.a(libc_a-isattyr.o)
                0x08007998                _isatty_r
 .text._malloc_usable_size_r
                0x080079b8       0x10 C:/Program Files (x86)/Arm/GNU Toolchain mingw-w64-i686-arm-none-eabi/bin/../lib/gcc/arm-none-eabi/15.2.1/../../../../arm-none-eabi/lib/thumb/v7e-m+fp/hard\libg_nano.a(libc_a-msizer.o)
                0x080079b8                _malloc_usable_size_r
 *(.glue_7)
 .glue_7        0x080079c8        0x0 linker stubs
 *(.glue_7t)
 .glue_7t       0x080079c8        0x0 linker stubs
 *(.eh_frame)
 .eh_frame      0x080079c8        0x0 C:/Program Files (x86)/Arm/GNU Toolchain mingw-w64-i686-arm-none-eabi/bin/../lib/gcc/arm-none-eabi/15.2.1/thumb/v7e-m+fp/hard/crtbegin.o
 *(.init)
 .init          0x080079c8        0x4 C:/Program Files (x86)/Arm/GNU Toolchain mingw-w64-i686-arm-none-eabi/bin/../lib/gcc/arm-none-eabi/15.2.1/thumb/v7e-m+fp/hard/crti.o
                0x080079c8                _init
 .init          0x080079cc        0x8 C:/Program Files (x86)/Arm/GNU Toolchain mingw-w64-i686-arm-none-eabi/bin/../lib/gcc/arm-none-eabi/15.2.1/thumb/v7e-m+fp/hard/crtn.o
 *(.fini)
 .fini          0x080079d4        0x4 C:/Program Files (x86)/Arm/GNU Toolchain mingw-w64-i686-arm-none-eabi/bin/../lib/gcc/arm-none-eabi/15.2.1/thumb/v7e-m+fp/hard/crti.o
                0x080079d4                _fini
 .fini          0x080079d8        0x8 C:/Program Files (x86)/Arm/GNU Toolchain mingw-w64-i686-arm-none-eabi/bin/../lib/gcc/arm-none-eabi/15.2.1/thumb/v7e-m+fp/hard/crtn.o
                0x080079e0                        . = ALIGN (0x4)
                0x080079e0                        _etext = .

.vfp11_veneer   0x080079e0        0x0
 .vfp11_veneer  0x080079e0        0x0 linker stubs

.v4_bx          0x080079e0        0x0
 .v4_bx         0x080079e0        0x0 linker stubs

.iplt           0x080079e0        0x0
 .iplt          0x080079e0        0x0 C:/Program Files (x86)/Arm/GNU Toolchain mingw-w64-i686-arm-none-eabi/bin/../lib/gcc/arm-none-eabi/15.2.1/thumb/v7e-m+fp/hard/crtbegin.o

.rodata         0x080079e0      0xecc
                0x080079e0                        . = ALIGN (0x4)
 *(.rodata)
 .rodata        0x080079e0       0xd9 app/CMakeFiles/mxchip_azure_iot.dir/board_init.c.obj
 *fill*         0x08007ab9        0x3 
 .rodata        0x08007abc       0x48 app/CMakeFiles/mxchip_azure_iot.dir/main.c.obj
 *(.rodata*)
 .rodata.Font11x18
                0x08007b04      0xd5c lib/mxchip_bsp/CMakeFiles/mxchip_bsp.dir/ssd1306/ssd1306_fonts.c.obj
 .rodata.AHBPrescTable
                0x08008860       0x10 app/CMakeFiles/mxchip_azure_iot.dir/startup/system_stm32f4xx.c.obj
                0x08008860                AHBPrescTable
 .rodata.APBPrescTable
                0x08008870        0x8 app/CMakeFiles/mxchip_azure_iot.dir/startup/system_stm32f4xx.c.obj
                0x08008870                APBPrescTable
 .rodata._svfprintf_r.str1.1
                0x08008878       0x33 C:/Program Files (x86)/Arm/GNU Toolchain mingw-w64-i686-arm-none-eabi/bin/../lib/gcc/arm-none-eabi/15.2.1/../../../../arm-none-eabi/lib/thumb/v7e-m+fp/hard\libg_nano.a(libc_a-nano-svfprintf.o)
                                 0x11 (size before relaxing)
 .rodata._vfprintf_r.str1.1
                0x080088ab        0x0 C:/Program Files (x86)/Arm/GNU Toolchain mingw-w64-i686-arm-none-eabi/bin/../lib/gcc/arm-none-eabi/15.2.1/../../../../arm-none-eabi/lib/thumb/v7e-m+fp/hard\libg_nano.a(libc_a-nano-vfprintf.o)
                                 0x11 (size before relaxing)
 .rodata._printf_i.str1.1
                0x080088ab        0x0 C:/Program Files (x86)/Arm/GNU Toolchain mingw-w64-i686-arm-none-eabi/bin/../lib/gcc/arm-none-eabi/15.2.1/../../../../arm-none-eabi/lib/thumb/v7e-m+fp/hard\libg_nano.a(libc_a-nano-vfprintf_i.o)
                                 0x22 (size before relaxing)
                0x080088ac                        . = ALIGN (0x4)
 *fill*         0x080088ab        0x1 

.ARM.extab      0x080088ac        0x0
                0x080088ac                        . = ALIGN (0x4)
 *(.ARM.extab* .gnu.linkonce.armextab.*)
                0x080088ac                        . = ALIGN (0x4)

.ARM            0x080088ac        0x8
                0x080088ac                        . = ALIGN (0x4)
                0x080088ac                        __exidx_start = .
 *(.ARM.exidx*)
 .ARM.exidx     0x080088ac        0x8 C:/Program Files (x86)/Arm/GNU Toolchain mingw-w64-i686-arm-none-eabi/bin/../lib/gcc/arm-none-eabi/15.2.1/../../../../arm-none-eabi/lib/thumb/v7e-m+fp/hard\libg_nano.a(libc_a-memchr.o)
 .ARM.exidx.text.__udivmoddi4
                0x080088b4        0x0 C:/Program Files (x86)/Arm/GNU Toolchain mingw-w64-i686-arm-none-eabi/bin/../lib/gcc/arm-none-eabi/15.2.1/thumb/v7e-m+fp/hard\libgcc.a(_udivmoddi4.o)
                                  0x8 (size before relaxing)
                0x080088b4                        __exidx_end = .
                0x080088b4                        . = ALIGN (0x4)

.rel.dyn        0x080088b4        0x0
 .rel.iplt      0x080088b4        0x0 C:/Program Files (x86)/Arm/GNU Toolchain mingw-w64-i686-arm-none-eabi/bin/../lib/gcc/arm-none-eabi/15.2.1/thumb/v7e-m+fp/hard/crtbegin.o

.preinit_array  0x080088b4        0x0
                0x080088b4                        . = ALIGN (0x4)
                0x080088b4                        PROVIDE (__preinit_array_start = .)
 *(.preinit_array*)
                0x080088b4                        PROVIDE (__preinit_array_end = .)
                0x080088b4                        . = ALIGN (0x4)

.init_array     0x080088b4        0x4
                0x080088b4                        . = ALIGN (0x4)
                0x080088b4                        PROVIDE (__init_array_start = .)
 *(SORT_BY_NAME(.init_array.*))
 *(.init_array*)
 .init_array    0x080088b4        0x4 C:/Program Files (x86)/Arm/GNU Toolchain mingw-w64-i686-arm-none-eabi/bin/../lib/gcc/arm-none-eabi/15.2.1/thumb/v7e-m+fp/hard/crtbegin.o
                0x080088b8                        PROVIDE (__init_array_end = .)
                0x080088b8                        . = ALIGN (0x4)

.fini_array     0x080088b8        0x4
                0x080088b8                        . = ALIGN (0x4)
                [!provide]                        PROVIDE (__fini_array_start = .)
 *(SORT_BY_NAME(.fini_array.*))
 *(.fini_array*)
 .fini_array    0x080088b8        0x4 C:/Program Files (x86)/Arm/GNU Toolchain mingw-w64-i686-arm-none-eabi/bin/../lib/gcc/arm-none-eabi/15.2.1/thumb/v7e-m+fp/hard/crtbegin.o
                [!provide]                        PROVIDE (__fini_array_end = .)
                0x080088bc                        . = ALIGN (0x4)
                0x080088bc                        _sidata = LOADADDR (.data)

.data           0x20000000       0xa8 load address 0x080088bc
                0x20000000                        . = ALIGN (0x4)
                0x20000000                        _sdata = .
 *(.data)
 *(.data*)
 .data.uwTickPrio
                0x20000000        0x4 lib/stm32cubef4/CMakeFiles/stm32cubef4.dir/Drivers/STM32F4xx_HAL_Driver/Src/stm32f4xx_hal.c.obj
                0x20000000                uwTickPrio
 .data.uwTickFreq
                0x20000004        0x1 lib/stm32cubef4/CMakeFiles/stm32cubef4.dir/Drivers/STM32F4xx_HAL_Driver/Src/stm32f4xx_hal.c.obj
                0x20000004                uwTickFreq
 *fill*         0x20000005        0x3 
 .data.dev_ctx  0x20000008        0xc lib/mxchip_bsp/CMakeFiles/mxchip_bsp.dir/stm_sensor/Src/lsm6dsl_read_data_polling.c.obj
 .data.dev_ctx  0x20000014        0xc lib/mxchip_bsp/CMakeFiles/mxchip_bsp.dir/stm_sensor/Src/lps22hb_read_data_polling.c.obj
 .data.dev_ctx  0x20000020        0xc lib/mxchip_bsp/CMakeFiles/mxchip_bsp.dir/stm_sensor/Src/hts221_read_data_polling.c.obj
 .data.dev_ctx  0x2000002c        0xc lib/mxchip_bsp/CMakeFiles/mxchip_bsp.dir/stm_sensor/Src/lis2mdl_read_data_polling.c.obj
 .data.timeout  0x20000038        0x4 lib/mxchip_bsp/CMakeFiles/mxchip_bsp.dir/stm_sensor/Src/lis2mdl_read_data_polling.c.obj
 .data.Font_11x18
                0x2000003c        0x8 lib/mxchip_bsp/CMakeFiles/mxchip_bsp.dir/ssd1306/ssd1306_fonts.c.obj
                0x2000003c                Font_11x18
 .data.SystemCoreClock
                0x20000044        0x4 app/CMakeFiles/mxchip_azure_iot.dir/startup/system_stm32f4xx.c.obj
                0x20000044                SystemCoreClock
 .data._tx_thread_system_state
                0x20000048        0x4 lib/threadx/libthreadx.a(tx_thread_initialize.c.obj)
                0x20000048                _tx_thread_system_state
 .data.__sglue  0x2000004c        0xc C:/Program Files (x86)/Arm/GNU Toolchain mingw-w64-i686-arm-none-eabi/bin/../lib/gcc/arm-none-eabi/15.2.1/../../../../arm-none-eabi/lib/thumb/v7e-m+fp/hard\libg_nano.a(libc_a-findfp.o)
                0x2000004c                __sglue
 .data._impure_ptr
                0x20000058        0x4 C:/Program Files (x86)/Arm/GNU Toolchain mingw-w64-i686-arm-none-eabi/bin/../lib/gcc/arm-none-eabi/15.2.1/../../../../arm-none-eabi/lib/thumb/v7e-m+fp/hard\libg_nano.a(libc_a-impure.o)
                0x20000058                _impure_ptr
 .data._impure_data
                0x2000005c       0x4c C:/Program Files (x86)/Arm/GNU Toolchain mingw-w64-i686-arm-none-eabi/bin/../lib/gcc/arm-none-eabi/15.2.1/../../../../arm-none-eabi/lib/thumb/v7e-m+fp/hard\libg_nano.a(libc_a-impure.o)
                0x2000005c                _impure_data
                0x200000a8                        . = ALIGN (0x4)
                0x200000a8                        _edata = .
                0x08008964                        _siccmram = LOADADDR (.ccmram)

.tm_clone_table
                0x200000a8        0x0 load address 0x08008964
 .tm_clone_table
                0x200000a8        0x0 C:/Program Files (x86)/Arm/GNU Toolchain mingw-w64-i686-arm-none-eabi/bin/../lib/gcc/arm-none-eabi/15.2.1/thumb/v7e-m+fp/hard/crtbegin.o
 .tm_clone_table
                0x200000a8        0x0 C:/Program Files (x86)/Arm/GNU Toolchain mingw-w64-i686-arm-none-eabi/bin/../lib/gcc/arm-none-eabi/15.2.1/thumb/v7e-m+fp/hard/crtend.o

.igot.plt       0x200000a8        0x0 load address 0x08008964
 .igot.plt      0x200000a8        0x0 C:/Program Files (x86)/Arm/GNU Toolchain mingw-w64-i686-arm-none-eabi/bin/../lib/gcc/arm-none-eabi/15.2.1/thumb/v7e-m+fp/hard/crtbegin.o

.ccmram         0x10000000        0x0 load address 0x08008964
                0x10000000                        . = ALIGN (0x4)
                0x10000000                        _sccmram = .
 *(.ccmram)
 *(.ccmram*)
                0x10000000                        . = ALIGN (0x4)
                0x10000000                        _eccmram = .
                0x10000000                        . = ALIGN (0x4)

.bss            0x200000a8      0x7e8
                0x200000a8                        _sbss = .
                0x200000a8                        __bss_start__ = _sbss
 *(.bss)
 *(.bss*)
 .bss.completed.1
                0x200000a8        0x1 C:/Program Files (x86)/Arm/GNU Toolchain mingw-w64-i686-arm-none-eabi/bin/../lib/gcc/arm-none-eabi/15.2.1/thumb/v7e-m+fp/hard/crtbegin.o
 *fill*         0x200000a9        0x3 
 .bss.object.0  0x200000ac       0x18 C:/Program Files (x86)/Arm/GNU Toolchain mingw-w64-i686-arm-none-eabi/bin/../lib/gcc/arm-none-eabi/15.2.1/thumb/v7e-m+fp/hard/crtbegin.o
 .bss.uwTick    0x200000c4        0x4 lib/stm32cubef4/CMakeFiles/stm32cubef4.dir/Drivers/STM32F4xx_HAL_Driver/Src/stm32f4xx_hal.c.obj
                0x200000c4                uwTick
 .bss.TimHandle
                0x200000c8       0x40 lib/stm32cubef4/CMakeFiles/stm32cubef4.dir/Drivers/STM32F4xx_HAL_Driver/Src/stm32f4xx_hal_timebase_tim.c.obj
                0x200000c8                TimHandle
 .bss.whoamI    0x20000108        0x1 lib/mxchip_bsp/CMakeFiles/mxchip_bsp.dir/stm_sensor/Src/lsm6dsl_read_data_polling.c.obj
 .bss.rst       0x20000109        0x1 lib/mxchip_bsp/CMakeFiles/mxchip_bsp.dir/stm_sensor/Src/lsm6dsl_read_data_polling.c.obj
 .bss.whoamI    0x2000010a        0x1 lib/mxchip_bsp/CMakeFiles/mxchip_bsp.dir/stm_sensor/Src/lps22hb_read_data_polling.c.obj
 .bss.rst       0x2000010b        0x1 lib/mxchip_bsp/CMakeFiles/mxchip_bsp.dir/stm_sensor/Src/lps22hb_read_data_polling.c.obj
 .bss.whoamI    0x2000010c        0x1 lib/mxchip_bsp/CMakeFiles/mxchip_bsp.dir/stm_sensor/Src/hts221_read_data_polling.c.obj
 *fill*         0x2000010d        0x3 
 .bss.lin_hum   0x20000110       0x10 lib/mxchip_bsp/CMakeFiles/mxchip_bsp.dir/stm_sensor/Src/hts221_read_data_polling.c.obj
                0x20000110                lin_hum
 .bss.lin_temp  0x20000120       0x10 lib/mxchip_bsp/CMakeFiles/mxchip_bsp.dir/stm_sensor/Src/hts221_read_data_polling.c.obj
                0x20000120                lin_temp
 .bss.whoamI    0x20000130        0x1 lib/mxchip_bsp/CMakeFiles/mxchip_bsp.dir/stm_sensor/Src/lis2mdl_read_data_polling.c.obj
 .bss.rst       0x20000131        0x1 lib/mxchip_bsp/CMakeFiles/mxchip_bsp.dir/stm_sensor/Src/lis2mdl_read_data_polling.c.obj
 *fill*         0x20000132        0x2 
 .bss.SSD1306_Buffer
                0x20000134      0x400 lib/mxchip_bsp/CMakeFiles/mxchip_bsp.dir/ssd1306/ssd1306.c.obj
 .bss.SSD1306   0x20000534        0x8 lib/mxchip_bsp/CMakeFiles/mxchip_bsp.dir/ssd1306/ssd1306.c.obj
 .bss.heap.0    0x2000053c        0x4 shared_src/CMakeFiles/app_common.dir/newlib_nano.c.obj
 .bss.I2cHandle
                0x20000540       0x54 app/CMakeFiles/mxchip_azure_iot.dir/board_init.c.obj
                0x20000540                I2cHandle
 .bss.UartHandle
                0x20000594       0x40 app/CMakeFiles/mxchip_azure_iot.dir/board_init.c.obj
                0x20000594                UartHandle
 .bss._tx_initialize_unused_memory
                0x200005d4        0x4 lib/threadx/libthreadx.a(tx_initialize_high_level.c.obj)
                0x200005d4                _tx_initialize_unused_memory
 .bss._tx_thread_system_stack_ptr
                0x200005d8        0x4 lib/threadx/libthreadx.a(tx_thread_initialize.c.obj)
                0x200005d8                _tx_thread_system_stack_ptr
 .bss._tx_thread_current_ptr
                0x200005dc        0x4 lib/threadx/libthreadx.a(tx_thread_initialize.c.obj)
                0x200005dc                _tx_thread_current_ptr
 .bss._tx_thread_execute_ptr
                0x200005e0        0x4 lib/threadx/libthreadx.a(tx_thread_initialize.c.obj)
                0x200005e0                _tx_thread_execute_ptr
 .bss._tx_thread_priority_maps
                0x200005e4        0x4 lib/threadx/libthreadx.a(tx_thread_initialize.c.obj)
                0x200005e4                _tx_thread_priority_maps
 .bss._tx_thread_preempted_maps
                0x200005e8        0x4 lib/threadx/libthreadx.a(tx_thread_initialize.c.obj)
                0x200005e8                _tx_thread_preempted_maps
 .bss._tx_thread_highest_priority
                0x200005ec        0x4 lib/threadx/libthreadx.a(tx_thread_initialize.c.obj)
                0x200005ec                _tx_thread_highest_priority
 .bss._tx_thread_priority_list
                0x200005f0       0x80 lib/threadx/libthreadx.a(tx_thread_initialize.c.obj)
                0x200005f0                _tx_thread_priority_list
 .bss._tx_thread_preempt_disable
                0x20000670        0x4 lib/threadx/libthreadx.a(tx_thread_initialize.c.obj)
                0x20000670                _tx_thread_preempt_disable
 .bss._tx_timer_system_clock
                0x20000674        0x4 lib/threadx/libthreadx.a(tx_timer_initialize.c.obj)
                0x20000674                _tx_timer_system_clock
 .bss._tx_timer_expired_time_slice
                0x20000678        0x4 lib/threadx/libthreadx.a(tx_timer_initialize.c.obj)
                0x20000678                _tx_timer_expired_time_slice
 .bss._tx_timer_list_start
                0x2000067c        0x4 lib/threadx/libthreadx.a(tx_timer_initialize.c.obj)
                0x2000067c                _tx_timer_list_start
 .bss._tx_timer_list_end
                0x20000680        0x4 lib/threadx/libthreadx.a(tx_timer_initialize.c.obj)
                0x20000680                _tx_timer_list_end
 .bss._tx_timer_current_ptr
                0x20000684        0x4 lib/threadx/libthreadx.a(tx_timer_initialize.c.obj)
                0x20000684                _tx_timer_current_ptr
 .bss._tx_timer_expired
                0x20000688        0x4 lib/threadx/libthreadx.a(tx_timer_initialize.c.obj)
                0x20000688                _tx_timer_expired
 .bss._tx_timer_thread
                0x2000068c       0xb4 lib/threadx/libthreadx.a(tx_timer_initialize.c.obj)
                0x2000068c                _tx_timer_thread
 .bss._tx_timer_time_slice
                0x20000740        0x4 lib/threadx/libthreadx.a(tx_timer_initialize.c.obj)
                0x20000740                _tx_timer_time_slice
 .bss.__sf      0x20000744      0x138 C:/Program Files (x86)/Arm/GNU Toolchain mingw-w64-i686-arm-none-eabi/bin/../lib/gcc/arm-none-eabi/15.2.1/../../../../arm-none-eabi/lib/thumb/v7e-m+fp/hard\libg_nano.a(libc_a-findfp.o)
                0x20000744                __sf
 .bss.__stdio_exit_handler
                0x2000087c        0x4 C:/Program Files (x86)/Arm/GNU Toolchain mingw-w64-i686-arm-none-eabi/bin/../lib/gcc/arm-none-eabi/15.2.1/../../../../arm-none-eabi/lib/thumb/v7e-m+fp/hard\libg_nano.a(libc_a-findfp.o)
                0x2000087c                __stdio_exit_handler
 .bss.errno     0x20000880        0x4 C:/Program Files (x86)/Arm/GNU Toolchain mingw-w64-i686-arm-none-eabi/bin/../lib/gcc/arm-none-eabi/15.2.1/../../../../arm-none-eabi/lib/thumb/v7e-m+fp/hard\libg_nano.a(libc_a-reent.o)
                0x20000880                errno
 .bss.__lock___malloc_recursive_mutex
                0x20000884        0x1 C:/Program Files (x86)/Arm/GNU Toolchain mingw-w64-i686-arm-none-eabi/bin/../lib/gcc/arm-none-eabi/15.2.1/../../../../arm-none-eabi/lib/thumb/v7e-m+fp/hard\libg_nano.a(libc_a-lock.o)
                0x20000884                __lock___malloc_recursive_mutex
 .bss.__lock___sfp_recursive_mutex
                0x20000885        0x1 C:/Program Files (x86)/Arm/GNU Toolchain mingw-w64-i686-arm-none-eabi/bin/../lib/gcc/arm-none-eabi/15.2.1/../../../../arm-none-eabi/lib/thumb/v7e-m+fp/hard\libg_nano.a(libc_a-lock.o)
                0x20000885                __lock___sfp_recursive_mutex
 *fill*         0x20000886        0x2 
 .bss.__malloc_sbrk_start
                0x20000888        0x4 C:/Program Files (x86)/Arm/GNU Toolchain mingw-w64-i686-arm-none-eabi/bin/../lib/gcc/arm-none-eabi/15.2.1/../../../../arm-none-eabi/lib/thumb/v7e-m+fp/hard\libg_nano.a(libc_a-mallocr.o)
                0x20000888                __malloc_sbrk_start
 .bss.__malloc_free_list
                0x2000088c        0x4 C:/Program Files (x86)/Arm/GNU Toolchain mingw-w64-i686-arm-none-eabi/bin/../lib/gcc/arm-none-eabi/15.2.1/../../../../arm-none-eabi/lib/thumb/v7e-m+fp/hard\libg_nano.a(libc_a-mallocr.o)
                0x2000088c                __malloc_free_list
 *(COMMON)
                0x20000890                        . = ALIGN (0x4)
                0x20000890                        _ebss = .
                0x20000890                        __bss_end__ = _ebss

._user_heap_stack
                0x20000890      0x200
                0x20000890                        . = ALIGN (0x8)
                [!provide]                        PROVIDE (end = .)
                0x20000890                        PROVIDE (_end = .)
                0x20000890                        . = (. + _Min_Heap_Size)
                0x20000a90                        . = (. + _Min_Stack_Size)
 *fill*         0x20000890      0x200 
                0x20000a90                        . = ALIGN (0x8)
                0x20000a90                        __RAM_segment_used_end__ = .

/DISCARD/
 libc.a(*)
 libm.a(*)
 libgcc.a(*)

.ARM.attributes
                0x00000000       0x30
 *(.ARM.attributes)
 .ARM.attributes
                0x00000000       0x22 C:/Program Files (x86)/Arm/GNU Toolchain mingw-w64-i686-arm-none-eabi/bin/../lib/gcc/arm-none-eabi/15.2.1/thumb/v7e-m+fp/hard/crti.o
 .ARM.attributes
                0x00000022       0x34 C:/Program Files (x86)/Arm/GNU Toolchain mingw-w64-i686-arm-none-eabi/bin/../lib/gcc/arm-none-eabi/15.2.1/thumb/v7e-m+fp/hard/crtbegin.o
 .ARM.attributes
                0x00000056       0x34 lib/stm32cubef4/CMakeFiles/stm32cubef4.dir/Drivers/STM32F4xx_HAL_Driver/Src/stm32f4xx_hal.c.obj
 .ARM.attributes
                0x0000008a       0x34 lib/stm32cubef4/CMakeFiles/stm32cubef4.dir/Drivers/STM32F4xx_HAL_Driver/Src/stm32f4xx_hal_gpio.c.obj
 .ARM.attributes
                0x000000be       0x34 lib/stm32cubef4/CMakeFiles/stm32cubef4.dir/Drivers/STM32F4xx_HAL_Driver/Src/stm32f4xx_hal_tim.c.obj
 .ARM.attributes
                0x000000f2       0x34 lib/stm32cubef4/CMakeFiles/stm32cubef4.dir/Drivers/STM32F4xx_HAL_Driver/Src/stm32f4xx_hal_tim_ex.c.obj
 .ARM.attributes
                0x00000126       0x34 lib/stm32cubef4/CMakeFiles/stm32cubef4.dir/Drivers/STM32F4xx_HAL_Driver/Src/stm32f4xx_hal_timebase_tim.c.obj
 .ARM.attributes
                0x0000015a       0x34 lib/stm32cubef4/CMakeFiles/stm32cubef4.dir/Drivers/STM32F4xx_HAL_Driver/Src/stm32f4xx_hal_uart.c.obj
 .ARM.attributes
                0x0000018e       0x34 lib/stm32cubef4/CMakeFiles/stm32cubef4.dir/Drivers/STM32F4xx_HAL_Driver/Src/stm32f4xx_hal_i2c.c.obj
 .ARM.attributes
                0x000001c2       0x34 lib/stm32cubef4/CMakeFiles/stm32cubef4.dir/Drivers/STM32F4xx_HAL_Driver/Src/stm32f4xx_hal_cortex.c.obj
 .ARM.attributes
                0x000001f6       0x34 lib/stm32cubef4/CMakeFiles/stm32cubef4.dir/Drivers/STM32F4xx_HAL_Driver/Src/stm32f4xx_hal_rcc.c.obj
 .ARM.attributes
                0x0000022a       0x34 lib/stm32cubef4/CMakeFiles/stm32cubef4.dir/Drivers/STM32F4xx_HAL_Driver/Src/stm32f4xx_hal_rcc_ex.c.obj
 .ARM.attributes
                0x0000025e       0x34 lib/mxchip_bsp/CMakeFiles/mxchip_bsp.dir/stm_sensor/Src/lps22hb_reg.c.obj
 .ARM.attributes
                0x00000292       0x34 lib/mxchip_bsp/CMakeFiles/mxchip_bsp.dir/stm_sensor/Src/hts221_reg.c.obj
 .ARM.attributes
                0x000002c6       0x34 lib/mxchip_bsp/CMakeFiles/mxchip_bsp.dir/stm_sensor/Src/lsm6dsl_reg.c.obj
 .ARM.attributes
                0x000002fa       0x34 lib/mxchip_bsp/CMakeFiles/mxchip_bsp.dir/stm_sensor/Src/lis2mdl_reg.c.obj
 .ARM.attributes
                0x0000032e       0x34 lib/mxchip_bsp/CMakeFiles/mxchip_bsp.dir/stm_sensor/Src/lsm6dsl_read_data_polling.c.obj
 .ARM.attributes
                0x00000362       0x34 lib/mxchip_bsp/CMakeFiles/mxchip_bsp.dir/stm_sensor/Src/lps22hb_read_data_polling.c.obj
 .ARM.attributes
                0x00000396       0x34 lib/mxchip_bsp/CMakeFiles/mxchip_bsp.dir/stm_sensor/Src/hts221_read_data_polling.c.obj
 .ARM.attributes
                0x000003ca       0x34 lib/mxchip_bsp/CMakeFiles/mxchip_bsp.dir/stm_sensor/Src/lis2mdl_read_data_polling.c.obj
 .ARM.attributes
                0x000003fe       0x34 lib/mxchip_bsp/CMakeFiles/mxchip_bsp.dir/ssd1306/ssd1306.c.obj
 .ARM.attributes
                0x00000432       0x34 lib/mxchip_bsp/CMakeFiles/mxchip_bsp.dir/ssd1306/ssd1306_fonts.c.obj
 .ARM.attributes
                0x00000466       0x34 shared_src/CMakeFiles/app_common.dir/newlib_nano.c.obj
 .ARM.attributes
                0x0000049a       0x34 app/CMakeFiles/mxchip_azure_iot.dir/startup/system_stm32f4xx.c.obj
 .ARM.attributes
                0x000004ce       0x21 app/CMakeFiles/mxchip_azure_iot.dir/startup/startup_stm32f412rx.s.obj
 .ARM.attributes
                0x000004ef       0x20 app/CMakeFiles/mxchip_azure_iot.dir/startup/tx_initialize_low_level.S.obj
 .ARM.attributes
                0x0000050f       0x34 app/CMakeFiles/mxchip_azure_iot.dir/stm32cubef4/stm32f4xx_hal_msp.c.obj
 .ARM.attributes
                0x00000543       0x34 app/CMakeFiles/mxchip_azure_iot.dir/board_init.c.obj
 .ARM.attributes
                0x00000577       0x34 app/CMakeFiles/mxchip_azure_iot.dir/console.c.obj
 .ARM.attributes
                0x000005ab       0x34 app/CMakeFiles/mxchip_azure_iot.dir/screen.c.obj
 .ARM.attributes
                0x000005df       0x34 app/CMakeFiles/mxchip_azure_iot.dir/main.c.obj
 .ARM.attributes
                0x00000613       0x20 lib/threadx/libthreadx.a(tx_thread_schedule.S.obj)
 .ARM.attributes
                0x00000633       0x20 lib/threadx/libthreadx.a(tx_timer_interrupt.S.obj)
 .ARM.attributes
                0x00000653       0x34 lib/threadx/libthreadx.a(tx_initialize_high_level.c.obj)
 .ARM.attributes
                0x00000687       0x34 lib/threadx/libthreadx.a(tx_thread_initialize.c.obj)
 .ARM.attributes
                0x000006bb       0x34 lib/threadx/libthreadx.a(tx_thread_sleep.c.obj)
 .ARM.attributes
                0x000006ef       0x34 lib/threadx/libthreadx.a(tx_thread_system_suspend.c.obj)
 .ARM.attributes
                0x00000723       0x34 lib/threadx/libthreadx.a(tx_thread_time_slice.c.obj)
 .ARM.attributes
                0x00000757       0x34 lib/threadx/libthreadx.a(tx_timer_expiration_process.c.obj)
 .ARM.attributes
                0x0000078b       0x34 lib/threadx/libthreadx.a(tx_timer_initialize.c.obj)
 .ARM.attributes
                0x000007bf       0x34 lib/threadx/libthreadx.a(tx_timer_system_activate.c.obj)
 .ARM.attributes
                0x000007f3       0x34 lib/threadx/libthreadx.a(tx_thread_system_resume.c.obj)
 .ARM.attributes
                0x00000827       0x34 lib/threadx/libthreadx.a(tx_timer_system_deactivate.c.obj)
 .ARM.attributes
                0x0000085b       0x22 C:/Program Files (x86)/Arm/GNU Toolchain mingw-w64-i686-arm-none-eabi/bin/../lib/gcc/arm-none-eabi/15.2.1/thumb/v7e-m+fp/hard\libgcc.a(_aeabi_uldivmod.o)
 .ARM.attributes
                0x0000087d       0x34 C:/Program Files (x86)/Arm/GNU Toolchain mingw-w64-i686-arm-none-eabi/bin/../lib/gcc/arm-none-eabi/15.2.1/thumb/v7e-m+fp/hard\libgcc.a(_udivmoddi4.o)
 .ARM.attributes
                0x000008b1       0x22 C:/Program Files (x86)/Arm/GNU Toolchain mingw-w64-i686-arm-none-eabi/bin/../lib/gcc/arm-none-eabi/15.2.1/thumb/v7e-m+fp/hard\libgcc.a(_dvmd_tls.o)
 .ARM.attributes
                0x000008d3       0x34 C:/Program Files (x86)/Arm/GNU Toolchain mingw-w64-i686-arm-none-eabi/bin/../lib/gcc/arm-none-eabi/15.2.1/../../../../arm-none-eabi/lib/thumb/v7e-m+fp/hard\libg_nano.a(libc_a-findfp.o)
 .ARM.attributes
                0x00000907       0x34 C:/Program Files (x86)/Arm/GNU Toolchain mingw-w64-i686-arm-none-eabi/bin/../lib/gcc/arm-none-eabi/15.2.1/../../../../arm-none-eabi/lib/thumb/v7e-m+fp/hard\libg_nano.a(libc_a-fwalk.o)
 .ARM.attributes
                0x0000093b       0x34 C:/Program Files (x86)/Arm/GNU Toolchain mingw-w64-i686-arm-none-eabi/bin/../lib/gcc/arm-none-eabi/15.2.1/../../../../arm-none-eabi/lib/thumb/v7e-m+fp/hard\libg_nano.a(libc_a-printf.o)
 .ARM.attributes
                0x0000096f       0x34 C:/Program Files (x86)/Arm/GNU Toolchain mingw-w64-i686-arm-none-eabi/bin/../lib/gcc/arm-none-eabi/15.2.1/../../../../arm-none-eabi/lib/thumb/v7e-m+fp/hard\libg_nano.a(libc_a-snprintf.o)
 .ARM.attributes
                0x000009a3       0x34 C:/Program Files (x86)/Arm/GNU Toolchain mingw-w64-i686-arm-none-eabi/bin/../lib/gcc/arm-none-eabi/15.2.1/../../../../arm-none-eabi/lib/thumb/v7e-m+fp/hard\libg_nano.a(libc_a-stdio.o)
 .ARM.attributes
                0x000009d7       0x34 C:/Program Files (x86)/Arm/GNU Toolchain mingw-w64-i686-arm-none-eabi/bin/../lib/gcc/arm-none-eabi/15.2.1/../../../../arm-none-eabi/lib/thumb/v7e-m+fp/hard\libg_nano.a(libc_a-memset.o)
 .ARM.attributes
                0x00000a0b       0x34 C:/Program Files (x86)/Arm/GNU Toolchain mingw-w64-i686-arm-none-eabi/bin/../lib/gcc/arm-none-eabi/15.2.1/../../../../arm-none-eabi/lib/thumb/v7e-m+fp/hard\libg_nano.a(libc_a-closer.o)
 .ARM.attributes
                0x00000a3f       0x34 C:/Program Files (x86)/Arm/GNU Toolchain mingw-w64-i686-arm-none-eabi/bin/../lib/gcc/arm-none-eabi/15.2.1/../../../../arm-none-eabi/lib/thumb/v7e-m+fp/hard\libg_nano.a(libc_a-reent.o)
 .ARM.attributes
                0x00000a73       0x34 C:/Program Files (x86)/Arm/GNU Toolchain mingw-w64-i686-arm-none-eabi/bin/../lib/gcc/arm-none-eabi/15.2.1/../../../../arm-none-eabi/lib/thumb/v7e-m+fp/hard\libg_nano.a(libc_a-impure.o)
 .ARM.attributes
                0x00000aa7       0x34 C:/Program Files (x86)/Arm/GNU Toolchain mingw-w64-i686-arm-none-eabi/bin/../lib/gcc/arm-none-eabi/15.2.1/../../../../arm-none-eabi/lib/thumb/v7e-m+fp/hard\libg_nano.a(libc_a-lseekr.o)
 .ARM.attributes
                0x00000adb       0x34 C:/Program Files (x86)/Arm/GNU Toolchain mingw-w64-i686-arm-none-eabi/bin/../lib/gcc/arm-none-eabi/15.2.1/../../../../arm-none-eabi/lib/thumb/v7e-m+fp/hard\libg_nano.a(libc_a-readr.o)
 .ARM.attributes
                0x00000b0f       0x34 C:/Program Files (x86)/Arm/GNU Toolchain mingw-w64-i686-arm-none-eabi/bin/../lib/gcc/arm-none-eabi/15.2.1/../../../../arm-none-eabi/lib/thumb/v7e-m+fp/hard\libg_nano.a(libc_a-writer.o)
 .ARM.attributes
                0x00000b43       0x34 C:/Program Files (x86)/Arm/GNU Toolchain mingw-w64-i686-arm-none-eabi/bin/../lib/gcc/arm-none-eabi/15.2.1/../../../../arm-none-eabi/lib/thumb/v7e-m+fp/hard\libg_nano.a(libc_a-init.o)
 .ARM.attributes
                0x00000b77       0x34 C:/Program Files (x86)/Arm/GNU Toolchain mingw-w64-i686-arm-none-eabi/bin/../lib/gcc/arm-none-eabi/15.2.1/../../../../arm-none-eabi/lib/thumb/v7e-m+fp/hard\libg_nano.a(libc_a-lock.o)
 .ARM.attributes
                0x00000bab       0x34 C:/Program Files (x86)/Arm/GNU Toolchain mingw-w64-i686-arm-none-eabi/bin/../lib/gcc/arm-none-eabi/15.2.1/../../../../arm-none-eabi/lib/thumb/v7e-m+fp/hard\libg_nano.a(libc_a-memcpy-stub.o)
 .ARM.attributes
                0x00000bdf       0x34 C:/Program Files (x86)/Arm/GNU Toolchain mingw-w64-i686-arm-none-eabi/bin/../lib/gcc/arm-none-eabi/15.2.1/../../../../arm-none-eabi/lib/thumb/v7e-m+fp/hard\libg_nano.a(libc_a-freer.o)
 .ARM.attributes
                0x00000c13       0x34 C:/Program Files (x86)/Arm/GNU Toolchain mingw-w64-i686-arm-none-eabi/bin/../lib/gcc/arm-none-eabi/15.2.1/../../../../arm-none-eabi/lib/thumb/v7e-m+fp/hard\libg_nano.a(libc_a-mallocr.o)
 .ARM.attributes
                0x00000c47       0x34 C:/Program Files (x86)/Arm/GNU Toolchain mingw-w64-i686-arm-none-eabi/bin/../lib/gcc/arm-none-eabi/15.2.1/../../../../arm-none-eabi/lib/thumb/v7e-m+fp/hard\libg_nano.a(libc_a-mlock.o)
 .ARM.attributes
                0x00000c7b       0x34 C:/Program Files (x86)/Arm/GNU Toolchain mingw-w64-i686-arm-none-eabi/bin/../lib/gcc/arm-none-eabi/15.2.1/../../../../arm-none-eabi/lib/thumb/v7e-m+fp/hard\libg_nano.a(libc_a-nano-svfprintf.o)
 .ARM.attributes
                0x00000caf       0x34 C:/Program Files (x86)/Arm/GNU Toolchain mingw-w64-i686-arm-none-eabi/bin/../lib/gcc/arm-none-eabi/15.2.1/../../../../arm-none-eabi/lib/thumb/v7e-m+fp/hard\libg_nano.a(libc_a-nano-vfprintf.o)
 .ARM.attributes
                0x00000ce3       0x34 C:/Program Files (x86)/Arm/GNU Toolchain mingw-w64-i686-arm-none-eabi/bin/../lib/gcc/arm-none-eabi/15.2.1/../../../../arm-none-eabi/lib/thumb/v7e-m+fp/hard\libg_nano.a(libc_a-nano-vfprintf_i.o)
 .ARM.attributes
                0x00000d17       0x34 C:/Program Files (x86)/Arm/GNU Toolchain mingw-w64-i686-arm-none-eabi/bin/../lib/gcc/arm-none-eabi/15.2.1/../../../../arm-none-eabi/lib/thumb/v7e-m+fp/hard\libg_nano.a(libc_a-fflush.o)
 .ARM.attributes
                0x00000d4b       0x34 C:/Program Files (x86)/Arm/GNU Toolchain mingw-w64-i686-arm-none-eabi/bin/../lib/gcc/arm-none-eabi/15.2.1/../../../../arm-none-eabi/lib/thumb/v7e-m+fp/hard\libg_nano.a(libc_a-wbuf.o)
 .ARM.attributes
                0x00000d7f       0x34 C:/Program Files (x86)/Arm/GNU Toolchain mingw-w64-i686-arm-none-eabi/bin/../lib/gcc/arm-none-eabi/15.2.1/../../../../arm-none-eabi/lib/thumb/v7e-m+fp/hard\libg_nano.a(libc_a-wsetup.o)
 .ARM.attributes
                0x00000db3       0x34 C:/Program Files (x86)/Arm/GNU Toolchain mingw-w64-i686-arm-none-eabi/bin/../lib/gcc/arm-none-eabi/15.2.1/../../../../arm-none-eabi/lib/thumb/v7e-m+fp/hard\libg_nano.a(libc_a-memmove.o)
 .ARM.attributes
                0x00000de7       0x34 C:/Program Files (x86)/Arm/GNU Toolchain mingw-w64-i686-arm-none-eabi/bin/../lib/gcc/arm-none-eabi/15.2.1/../../../../arm-none-eabi/lib/thumb/v7e-m+fp/hard\libg_nano.a(libc_a-sbrkr.o)
 .ARM.attributes
                0x00000e1b       0x1c C:/Program Files (x86)/Arm/GNU Toolchain mingw-w64-i686-arm-none-eabi/bin/../lib/gcc/arm-none-eabi/15.2.1/../../../../arm-none-eabi/lib/thumb/v7e-m+fp/hard\libg_nano.a(libc_a-memchr.o)
 .ARM.attributes
                0x00000e37       0x34 C:/Program Files (x86)/Arm/GNU Toolchain mingw-w64-i686-arm-none-eabi/bin/../lib/gcc/arm-none-eabi/15.2.1/../../../../arm-none-eabi/lib/thumb/v7e-m+fp/hard\libg_nano.a(libc_a-reallocr.o)
 .ARM.attributes
                0x00000e6b       0x34 C:/Program Files (x86)/Arm/GNU Toolchain mingw-w64-i686-arm-none-eabi/bin/../lib/gcc/arm-none-eabi/15.2.1/../../../../arm-none-eabi/lib/thumb/v7e-m+fp/hard\libg_nano.a(libc_a-makebuf.o)
 .ARM.attributes
                0x00000e9f       0x34 C:/Program Files (x86)/Arm/GNU Toolchain mingw-w64-i686-arm-none-eabi/bin/../lib/gcc/arm-none-eabi/15.2.1/../../../../arm-none-eabi/lib/thumb/v7e-m+fp/hard\libg_nano.a(libc_a-fstatr.o)
 .ARM.attributes
                0x00000ed3       0x34 C:/Program Files (x86)/Arm/GNU Toolchain mingw-w64-i686-arm-none-eabi/bin/../lib/gcc/arm-none-eabi/15.2.1/../../../../arm-none-eabi/lib/thumb/v7e-m+fp/hard\libg_nano.a(libc_a-isattyr.o)
 .ARM.attributes
                0x00000f07       0x34 C:/Program Files (x86)/Arm/GNU Toolchain mingw-w64-i686-arm-none-eabi/bin/../lib/gcc/arm-none-eabi/15.2.1/../../../../arm-none-eabi/lib/thumb/v7e-m+fp/hard\libg_nano.a(libc_a-msizer.o)
 .ARM.attributes